Archive member included to satisfy reference by file (symbol)

/n64_toolchain/lib/gcc/mips64-elf/13.1.0/../../../../mips64-elf/lib/libdragon.a(n64sys.o)
                              build/main.o (__bbplayer)
/n64_toolchain/lib/gcc/mips64-elf/13.1.0/../../../../mips64-elf/lib/libdragon.a(entrypoint.o)
                              (_start)
/n64_toolchain/lib/gcc/mips64-elf/13.1.0/../../../../mips64-elf/lib/libdragon.a(debug.o)
                              build/main.o (debug_init_usblog)
/n64_toolchain/lib/gcc/mips64-elf/13.1.0/../../../../mips64-elf/lib/libdragon.a(usb.o)
                              /n64_toolchain/lib/gcc/mips64-elf/13.1.0/../../../../mips64-elf/lib/libdragon.a(debug.o) (usb_write)
/n64_toolchain/lib/gcc/mips64-elf/13.1.0/../../../../mips64-elf/lib/libdragon.a(cart.o)
                              /n64_toolchain/lib/gcc/mips64-elf/13.1.0/../../../../mips64-elf/lib/libdragon.a(debug.o) (cart_init)
/n64_toolchain/lib/gcc/mips64-elf/13.1.0/../../../../mips64-elf/lib/libdragon.a(ff.o)
                              /n64_toolchain/lib/gcc/mips64-elf/13.1.0/../../../../mips64-elf/lib/libdragon.a(debug.o) (f_mount)
/n64_toolchain/lib/gcc/mips64-elf/13.1.0/../../../../mips64-elf/lib/libdragon.a(ffunicode.o)
                              /n64_toolchain/lib/gcc/mips64-elf/13.1.0/../../../../mips64-elf/lib/libdragon.a(ff.o) (ff_uni2oem)
/n64_toolchain/lib/gcc/mips64-elf/13.1.0/../../../../mips64-elf/lib/libdragon.a(dragonfs.o)
                              build/main.o (dfs_open)
/n64_toolchain/lib/gcc/mips64-elf/13.1.0/../../../../mips64-elf/lib/libdragon.a(audio.o)
                              build/main.o (audio_init)
/n64_toolchain/lib/gcc/mips64-elf/13.1.0/../../../../mips64-elf/lib/libdragon.a(display.o)
                              build/main.o (display_init)
/n64_toolchain/lib/gcc/mips64-elf/13.1.0/../../../../mips64-elf/lib/libdragon.a(surface.o)
                              /n64_toolchain/lib/gcc/mips64-elf/13.1.0/../../../../mips64-elf/lib/libdragon.a(display.o) (surface_alloc)
/n64_toolchain/lib/gcc/mips64-elf/13.1.0/../../../../mips64-elf/lib/libdragon.a(console.o)
                              build/main.o (console_init)
/n64_toolchain/lib/gcc/mips64-elf/13.1.0/../../../../mips64-elf/lib/libdragon.a(controller.o)
                              build/main.o (controller_init)
/n64_toolchain/lib/gcc/mips64-elf/13.1.0/../../../../mips64-elf/lib/libdragon.a(graphics.o)
                              build/main.o (graphics_make_color)
/n64_toolchain/lib/gcc/mips64-elf/13.1.0/../../../../mips64-elf/lib/libdragon.a(rsp.o)
                              /n64_toolchain/lib/gcc/mips64-elf/13.1.0/../../../../mips64-elf/lib/libdragon.a(display.o) (__rsp_crash)
/n64_toolchain/lib/gcc/mips64-elf/13.1.0/../../../../mips64-elf/lib/libdragon.a(rsp_crash.o)
                              /n64_toolchain/lib/gcc/mips64-elf/13.1.0/../../../../mips64-elf/lib/libdragon.a(rsp.o) (rsp_crash_data_start)
/n64_toolchain/lib/gcc/mips64-elf/13.1.0/../../../../mips64-elf/lib/libdragon.a(inspector.o)
                              /n64_toolchain/lib/gcc/mips64-elf/13.1.0/../../../../mips64-elf/lib/libdragon.a(debug.o) (__inspector_assertion)
/n64_toolchain/lib/gcc/mips64-elf/13.1.0/../../../../mips64-elf/lib/libdragon.a(sprite.o)
                              /n64_toolchain/lib/gcc/mips64-elf/13.1.0/../../../../mips64-elf/lib/libdragon.a(graphics.o) (__sprite_upgrade)
/n64_toolchain/lib/gcc/mips64-elf/13.1.0/../../../../mips64-elf/lib/libdragon.a(dma.o)
                              /n64_toolchain/lib/gcc/mips64-elf/13.1.0/../../../../mips64-elf/lib/libdragon.a(debug.o) (io_accessible)
/n64_toolchain/lib/gcc/mips64-elf/13.1.0/../../../../mips64-elf/lib/libdragon.a(timer.o)
                              build/main.o (timer_init)
/n64_toolchain/lib/gcc/mips64-elf/13.1.0/../../../../mips64-elf/lib/libdragon.a(exception.o)
                              /n64_toolchain/lib/gcc/mips64-elf/13.1.0/../../../../mips64-elf/lib/libdragon.a(inspector.o) (__exception_dump_header)
/n64_toolchain/lib/gcc/mips64-elf/13.1.0/../../../../mips64-elf/lib/libdragon.a(do_ctors.o)
                              /n64_toolchain/lib/gcc/mips64-elf/13.1.0/../../../../mips64-elf/lib/libdragon.a(entrypoint.o) (__wrap___do_global_ctors)
/n64_toolchain/lib/gcc/mips64-elf/13.1.0/../../../../mips64-elf/lib/libdragon.a(mixer.o)
                              build/main.o (mixer_init)
/n64_toolchain/lib/gcc/mips64-elf/13.1.0/../../../../mips64-elf/lib/libdragon.a(samplebuffer.o)
                              /n64_toolchain/lib/gcc/mips64-elf/13.1.0/../../../../mips64-elf/lib/libdragon.a(mixer.o) (samplebuffer_init)
/n64_toolchain/lib/gcc/mips64-elf/13.1.0/../../../../mips64-elf/lib/libdragon.a(rsp_mixer.o)
                              /n64_toolchain/lib/gcc/mips64-elf/13.1.0/../../../../mips64-elf/lib/libdragon.a(mixer.o) (rsp_mixer_data_start)
/n64_toolchain/lib/gcc/mips64-elf/13.1.0/../../../../mips64-elf/lib/libdragon.a(wav64.o)
[...]
Memory Configuration

Name             Origin             Length             Attributes
mem              0x80000000         0x00400000
*default*        0x00000000         0xffffffff

Linker script and memory map

LOAD /n64_toolchain/lib/gcc/mips64-elf/13.1.0/crti.o
LOAD /n64_toolchain/lib/gcc/mips64-elf/13.1.0/crtbegin.o
LOAD build/main.o
LOAD /n64_toolchain/lib/gcc/mips64-elf/13.1.0/../../../../mips64-elf/lib/libdragon.a
LOAD /n64_toolchain/lib/gcc/mips64-elf/13.1.0/../../../../mips64-elf/lib/libm.a
LOAD /n64_toolchain/lib/gcc/mips64-elf/13.1.0/../../../../mips64-elf/lib/libdragonsys.a
                0x80000000                        __kseg0_start = 0x80000000
                0x80000400                        __libdragon_text_start = (__kseg0_start + 0x400)

.text           0x80000400    0x23290
 *(.boot)
 .boot          0x80000400      0x18c /n64_toolchain/lib/gcc/mips64-elf/13.1.0/../../../../mips64-elf/lib/libdragon.a(entrypoint.o)
                0x80000400                _start
                0x80000590                        . = ALIGN (0x10)
 *fill*         0x8000058c        0x4 
                0x80000590                        __text_start = .
 *(.text)
 *fill*         0x80000590       0x10 
 .text          0x800005a0      0x360 /n64_toolchain/lib/gcc/mips64-elf/13.1.0/../../../../mips64-elf/lib/libdragon.a(inthandler.o)
                0x800005a0                inthandler
                0x80000900                inthandler_end
 .text          0x80000900      0x110 /n64_toolchain/lib/gcc/mips64-elf/13.1.0/../../../../mips64-elf/lib/libm.a(libm_a-sf_ceil.o)
                0x80000900                ceilf
 .text          0x80000a10      0x11c /n64_toolchain/lib/gcc/mips64-elf/13.1.0/../../../../mips64-elf/lib/libc.a(libc_a-memset.o)
                0x80000a10                memset
 .text          0x80000b2c      0x370 /n64_toolchain/lib/gcc/mips64-elf/13.1.0/../../../../mips64-elf/lib/libc.a(libc_a-memcpy.o)
                0x80000b2c                memcpy
 *fill*         0x80000e9c        0x4 
 .text          0x80000ea0       0x70 /n64_toolchain/lib/gcc/mips64-elf/13.1.0/../../../../mips64-elf/lib/libc.a(libc_a-printf.o)
                0x80000ea0                _printf_r
                0x80000ed0                printf
 .text          0x80000f10       0x18 /n64_toolchain/lib/gcc/mips64-elf/13.1.0/../../../../mips64-elf/lib/libc.a(libc_a-malign.o)
                0x80000f10                memalign
 .text          0x80000f28      0x1f8 /n64_toolchain/lib/gcc/mips64-elf/13.1.0/../../../../mips64-elf/lib/libc.a(libc_a-malignr.o)
                0x80000f28                _memalign_r
 .text          0x80001120       0x20 /n64_toolchain/lib/gcc/mips64-elf/13.1.0/../../../../mips64-elf/lib/libc.a(libc_a-putchar.o)
                0x80001120                _putchar_r
                0x80001128                putchar
 .text          0x80001140       0xd8 /n64_toolchain/lib/gcc/mips64-elf/13.1.0/../../../../mips64-elf/lib/libc.a(libc_a-sprintf.o)
                0x80001140                _sprintf_r
                0x800011a8                sprintf
 .text          0x80001218       0xe0 /n64_toolchain/lib/gcc/mips64-elf/13.1.0/../../../../mips64-elf/lib/libc.a(libc_a-puts.o)
                0x80001218                _puts_r
                0x800012e8                puts
 .text          0x800012f8       0x18 /n64_toolchain/lib/gcc/mips64-elf/13.1.0/../../../../mips64-elf/lib/libc.a(libc_a-abort.o)
                0x800012f8                abort
 .text          0x80001310      0x270 /n64_toolchain/lib/gcc/mips64-elf/13.1.0/../../../../mips64-elf/lib/libc.a(libc_a-setvbuf.o)
                0x80001310                setvbuf
 .text          0x80001580      0x1c8 /n64_toolchain/lib/gcc/mips64-elf/13.1.0/../../../../mips64-elf/lib/libc.a(libc_a-snprintf.o)
                0x80001580                _snprintf_r
                0x80001660                snprintf
 .text          0x80001748       0xf8 /n64_toolchain/lib/gcc/mips64-elf/13.1.0/../../../../mips64-elf/lib/libc.a(libc_a-memchr.o)
                0x80001748                memchr
 .text          0x80001840     0x1fb0 /n64_toolchain/lib/gcc/mips64-elf/13.1.0/../../../../mips64-elf/lib/libc.a(libc_a-svfprintf.o)
                0x80001840                _svfprintf_r
 .text          0x800037f0      0x480 /n64_toolchain/lib/gcc/mips64-elf/13.1.0/../../../../mips64-elf/lib/libc.a(libc_a-freer.o)
                0x800037f0                _malloc_trim_r
                0x80003930                _free_r
 .text          0x80003c70       0x88 /n64_toolchain/lib/gcc/mips64-elf/13.1.0/../../../../mips64-elf/lib/libc.a(libc_a-memcmp.o)
                0x80003c70                memcmp
 .text          0x80003cf8       0x30 /n64_toolchain/lib/gcc/mips64-elf/13.1.0/../../../../mips64-elf/lib/libc.a(libc_a-vprintf.o)
                0x80003cf8                vprintf
                0x80003d10                _vprintf_r
 .text          0x80003d28     0x1658 /n64_toolchain/lib/gcc/mips64-elf/13.1.0/../../../../mips64-elf/lib/libc.a(libc_a-dtoa.o)
                0x80003f78                _dtoa_r
 .text          0x80005380       0x20 /n64_toolchain/lib/gcc/mips64-elf/13.1.0/../../../../mips64-elf/lib/libc.a(libc_a-malloc.o)
                0x80005380                malloc
                0x80005390                free
 .text          0x800053a0      0x140 /n64_toolchain/lib/gcc/mips64-elf/13.1.0/../../../../mips64-elf/lib/libc.a(libc_a-memmove.o)
                0x800053a0                memmove
 .text          0x800054e0      0x888 /n64_toolchain/lib/gcc/mips64-elf/13.1.0/../../../../mips64-elf/lib/libc.a(libc_a-mallocr.o)
                0x800054e0                _malloc_r
 .text          0x80005d68       0xa8 /n64_toolchain/lib/gcc/mips64-elf/13.1.0/../../../../mips64-elf/lib/libc.a(libc_a-strcpy.o)
                0x80005d68                strcpy
 .text          0x80005e10     0x21e8 /n64_toolchain/lib/gcc/mips64-elf/13.1.0/../../../../mips64-elf/lib/libc.a(libc_a-vfprintf.o)
                0x80005e10                _vfprintf_r
                0x80007f10                vfprintf
 .text          0x80007ff8      0x570 /n64_toolchain/lib/gcc/mips64-elf/13.1.0/../../../../mips64-elf/lib/libc.a(libc_a-signal.o)
                0x80007ff8                _init_signal_r
                0x80008060                _signal_r
                0x80008100                _raise_r
                0x800081b8                __sigtramp_r
                0x800082a8                raise
                0x80008370                signal
                0x80008410                _init_signal
                0x80008480                __sigtramp
 .text          0x80008568      0x338 /n64_toolchain/lib/gcc/mips64-elf/13.1.0/../../../../mips64-elf/lib/libc.a(libc_a-fflush.o)
                0x80008568                __sflush_r
                0x800087c0                _fflush_r
                0x80008820                fflush
 .text          0x800088a0       0x10 /n64_toolchain/lib/gcc/mips64-elf/13.1.0/../../../../mips64-elf/lib/libc.a(libc_a-mlock.o)
                0x800088a0                __malloc_lock
                0x800088a8                __malloc_unlock
 .text          0x800088b0     0x1390 /n64_toolchain/lib/gcc/mips64-elf/13.1.0/../../../../mips64-elf/lib/libc.a(libc_a-vfiprintf.o)
                0x800089e8                __sprint_r
                0x80008a08                _vfiprintf_r
                0x80009b58                vfiprintf
 .text          0x80009c40       0x68 /n64_toolchain/lib/gcc/mips64-elf/13.1.0/../../../../mips64-elf/lib/libc.a(libc_a-fprintf.o)
                0x80009c40                _fprintf_r
                0x80009c68                fprintf
 .text          0x80009ca8     0x1438 /n64_toolchain/lib/gcc/mips64-elf/13.1.0/../../../../mips64-elf/lib/libc.a(libc_a-mprec.o)
                0x80009ca8                _Balloc
                0x80009d58                _Bfree
                0x80009d88                __multadd
                0x80009ee8                __s2b
                0x8000a068                __hi0bits
                0x8000a0f0                __lo0bits
                0x8000a1b8                __i2b
                0x8000a290                __multiply
                0x8000a520                __pow5mult
                0x8000a688                __lshift
                0x8000a840                __mcmp
                0x8000a8a8                __mdiff
                0x8000ab30                __ulp
                0x8000abe0                __b2d
                0x8000ad78                __d2b
                0x8000aed8                __ratio
                0x8000af98                _mprec_log10
                0x8000afd8                __copybits
                0x8000b060                __any_on
 .text          0x8000b0e0       0x70 /n64_toolchain/lib/gcc/mips64-elf/13.1.0/../../../../mips64-elf/lib/libc.a(libc_a-strrchr.o)
                0x8000b0e0                strrchr
 .text          0x8000b150       0x98 /n64_toolchain/lib/gcc/mips64-elf/13.1.0/../../../../mips64-elf/lib/libc.a(libc_a-strcat.o)
                0x8000b150                strcat
 .text          0x8000b1e8       0xd0 /n64_toolchain/lib/gcc/mips64-elf/13.1.0/../../../../mips64-elf/lib/libc.a(libc_a-fputc.o)
                0x8000b1e8                _fputc_r
                0x8000b248                fputc
 .text          0x8000b2b8      0x460 /n64_toolchain/lib/gcc/mips64-elf/13.1.0/../../../../mips64-elf/lib/libc.a(libc_a-strerror.o)
                0x8000b2b8                _strerror_r
                0x8000b6e8                strerror
                0x8000b700                strerror_l
 .text          0x8000b718      0x570 /n64_toolchain/lib/gcc/mips64-elf/13.1.0/../../../../mips64-elf/lib/libc.a(libc_a-fvwrite.o)
                0x8000b718                __sfvwrite_r
 .text          0x8000bc88      0x140 /n64_toolchain/lib/gcc/mips64-elf/13.1.0/../../../../mips64-elf/lib/libc.a(libc_a-fclose.o)
                0x8000bc88                _fclose_r
                0x8000bdb8                fclose
 .text          0x8000bdc8       0xf0 /n64_toolchain/lib/gcc/mips64-elf/13.1.0/../../../../mips64-elf/lib/libc.a(libc_a-strncmp.o)
                0x8000bdc8                strncmp
 .text          0x8000beb8       0xc0 /n64_toolchain/lib/gcc/mips64-elf/13.1.0/../../../../mips64-elf/lib/libc.a(libc_a-fwalk.o)
                0x8000beb8                _fwalk_sglue
 .text          0x8000bf78      0x1f8 /n64_toolchain/lib/gcc/mips64-elf/13.1.0/../../../../mips64-elf/lib/libc.a(libc_a-fwrite.o)
                0x8000bf78                _fwrite_r
                0x8000c080                fwrite
 .text          0x8000c170      0x3a8 /n64_toolchain/lib/gcc/mips64-elf/13.1.0/../../../../mips64-elf/lib/libc.a(libc_a-findfp.o)
                0x8000c368                __sfp
                0x8000c4a8                __sinit
                0x8000c4d8                __sfp_lock_acquire
                0x8000c4e0                __sfp_lock_release
                0x8000c4e8                __fp_lock_all
                0x8000c500                __fp_unlock_all
 .text          0x8000c518      0x5d0 /n64_toolchain/lib/gcc/mips64-elf/13.1.0/../../../../mips64-elf/lib/libc.a(libc_a-reallocr.o)
                0x8000c518                _realloc_r
 .text          0x8000cae8       0x58 /n64_toolchain/lib/gcc/mips64-elf/13.1.0/../../../../mips64-elf/lib/libc.a(libc_a-rand.o)
                0x8000cae8                srand
                0x8000cb00                rand
 .text          0x8000cb40        0x8 /n64_toolchain/lib/gcc/mips64-elf/13.1.0/../../../../mips64-elf/lib/libc.a(libc_a-u_strerr.o)
                0x8000cb40                _user_strerror
 .text          0x8000cb48      0x1b8 /n64_toolchain/lib/gcc/mips64-elf/13.1.0/../../../../mips64-elf/lib/libc.a(libc_a-fputwc.o)
                0x8000cb48                __fputwc
                0x8000cc60                _fputwc_r
                0x8000cc88                fputwc
 .text          0x8000cd00      0x120 /n64_toolchain/lib/gcc/mips64-elf/13.1.0/../../../../mips64-elf/lib/libc.a(libc_a-locale.o)
                0x8000cd00                _setlocale_r
                0x8000cd88                __locale_mb_cur_max
                0x8000cd98                setlocale
 .text          0x8000ce20      0xb50 /n64_toolchain/lib/gcc/mips64-elf/13.1.0/../../../../mips64-elf/lib/libc.a(libc_a-strstr.o)
                0x8000d680                strstr
 .text          0x8000d970       0x28 /n64_toolchain/lib/gcc/mips64-elf/13.1.0/../../../../mips64-elf/lib/libc.a(libc_a-localeconv.o)
                0x8000d970                __localeconv_l
                0x8000d978                _localeconv_r
                0x8000d988                localeconv
 .text          0x8000d998       0x48 /n64_toolchain/lib/gcc/mips64-elf/13.1.0/../../../../mips64-elf/lib/libc.a(libc_a-wctomb_r.o)
                0x8000d998                _wctomb_r
                0x8000d9a8                __ascii_wctomb
 .text          0x8000d9e0       0x60 /n64_toolchain/lib/gcc/mips64-elf/13.1.0/../../../../mips64-elf/lib/libc.a(libc_a-signalr.o)
                0x8000d9e0                _kill_r
                0x8000da38                _getpid_r
 .text          0x8000da40       0x50 /n64_toolchain/lib/gcc/mips64-elf/13.1.0/../../../../mips64-elf/lib/libc.a(libc_a-sbrkr.o)
                0x8000da40                _sbrk_r
 .text          0x8000da90        0x8 /n64_toolchain/lib/gcc/mips64-elf/13.1.0/../../../../mips64-elf/lib/libc.a(libc_a-errno.o)
                0x8000da90                __errno
 .text          0x8000da98       0x18 /n64_toolchain/lib/gcc/mips64-elf/13.1.0/../../../../mips64-elf/lib/libc.a(libc_a-strlen.o)
                0x8000da98                strlen
 .text          0x8000dab0      0x240 /n64_toolchain/lib/gcc/mips64-elf/13.1.0/../../../../mips64-elf/lib/libc.a(libc_a-strcmp.o)
                0x8000dab0                strcmp
 .text          0x8000dcf0      0x258 /n64_toolchain/lib/gcc/mips64-elf/13.1.0/../../../../mips64-elf/lib/libc.a(libc_a-makebuf.o)
                0x8000dcf0                __smakebuf_r
                0x8000de98                __swhatbuf_r
 .text          0x8000df48      0x160 /n64_toolchain/lib/gcc/mips64-elf/13.1.0/../../../../mips64-elf/lib/libc.a(libc_a-putc.o)
                0x8000df48                _putc_r
                0x8000dff0                putc
 .text          0x8000e0a8      0x118 /n64_toolchain/lib/gcc/mips64-elf/13.1.0/../../../../mips64-elf/lib/libc.a(libc_a-wcrtomb.o)
                0x8000e0a8                _wcrtomb_r
                0x8000e128                wcrtomb
 .text          0x8000e1c0      0x190 /n64_toolchain/lib/gcc/mips64-elf/13.1.0/../../../../mips64-elf/lib/libc.a(libc_a-stdio.o)
                0x8000e1c0                __sread
                0x8000e218                __seofread
                0x8000e220                __swrite
                0x8000e2e0                __sseek
                0x8000e348                __sclose
 .text          0x8000e350     0x1118 /n64_toolchain/lib/gcc/mips64-elf/13.1.0/../../../../mips64-elf/lib/libc.a(libc_a-svfiprintf.o)
                0x8000e350                __ssprint_r
                0x8000e598                _svfiprintf_r
 .text          0x8000f468      0x120 /n64_toolchain/lib/gcc/mips64-elf/13.1.0/../../../../mips64-elf/lib/libc.a(libc_a-callocr.o)
                0x8000f468                _calloc_r
 .text          0x8000f588      0x170 /n64_toolchain/lib/gcc/mips64-elf/13.1.0/../../../../mips64-elf/lib/libc.a(libc_a-wsetup.o)
                0x8000f588                __swsetup_r
 .text          0x8000f6f8      0x188 /n64_toolchain/lib/gcc/mips64-elf/13.1.0/../../../../mips64-elf/lib/libc.a(libc_a-strchr.o)
                0x8000f6f8                strchr
 .text          0x8000f880      0x1b8 /n64_toolchain/lib/gcc/mips64-elf/13.1.0/../../../../mips64-elf/lib/libc.a(libc_a-wbuf.o)
                0x8000f880                __swbuf_r
                0x8000fa20                __swbuf
 .text          0x8000fa38       0x48 /n64_toolchain/lib/gcc/mips64-elf/13.1.0/../../../../mips64-elf/lib/libc.a(libc_a-strnlen.o)
                0x8000fa38                strnlen
 .text          0x8000fa80       0x70 /n64_toolchain/lib/gcc/mips64-elf/13.1.0/../../../../mips64-elf/lib/libc.a(libc_a-mbtowc_r.o)
                0x8000fa80                _mbtowc_r
                0x8000fa90                __ascii_mbtowc
 .text          0x8000faf0       0x58 /n64_toolchain/lib/gcc/mips64-elf/13.1.0/../../../../mips64-elf/lib/libc.a(libc_a-fstatr.o)
                0x8000faf0                _fstat_r
 .text          0x8000fb48       0x50 /n64_toolchain/lib/gcc/mips64-elf/13.1.0/../../../../mips64-elf/lib/libc.a(libc_a-isattyr.o)
                0x8000fb48                _isatty_r
 .text          0x8000fb98       0x50 /n64_toolchain/lib/gcc/mips64-elf/13.1.0/../../../../mips64-elf/lib/libc.a(libc_a-closer.o)
                0x8000fb98                _close_r
 .text          0x8000fbe8       0x60 /n64_toolchain/lib/gcc/mips64-elf/13.1.0/../../../../mips64-elf/lib/libc.a(libc_a-lseekr.o)
                0x8000fbe8                _lseek_r
 .text          0x8000fc48       0x60 /n64_toolchain/lib/gcc/mips64-elf/13.1.0/../../../../mips64-elf/lib/libc.a(libc_a-readr.o)
                0x8000fc48                _read_r
 .text          0x8000fca8       0x60 /n64_toolchain/lib/gcc/mips64-elf/13.1.0/../../../../mips64-elf/lib/libc.a(libc_a-writer.o)
                0x8000fca8                _write_r
 *(.text.*)
 *fill*         0x8000fd08       0x18 
 .text.update_counter
                0x8000fd20       0x20 build/main.o
                0x8000fd20                update_counter
 .text.rdpq_draw_one_rectangle
                0x8000fd40       0xa0 build/main.o
                0x8000fd40                rdpq_draw_one_rectangle
 .text.test_collisions
                0x8000fde0      0x5a0 build/main.o
                0x8000fde0                test_collisions
 .text.spawn_food
                0x80010380      0x220 build/main.o
                0x80010380                spawn_food
 .text.update_anim_counter
                0x800105a0      0x1a0 build/main.o
                0x800105a0                update_anim_counter
 .text.startup.main
                0x80010740     0x10e0 build/main.o
                0x80010740                main
 .text.sys_bbplayer
                0x80011820       0x20 /n64_toolchain/lib/gcc/mips64-elf/13.1.0/../../../../mips64-elf/lib/libdragon.a(n64sys.o)
                0x80011820                sys_bbplayer
 .text.data_cache_hit_writeback
                0x80011840       0x60 /n64_toolchain/lib/gcc/mips64-elf/13.1.0/../../../../mips64-elf/lib/libdragon.a(n64sys.o)
                0x80011840                data_cache_hit_writeback
 .text.__data_cache_hit_invalidate
                0x800118a0       0x60 /n64_toolchain/lib/gcc/mips64-elf/13.1.0/../../../../mips64-elf/lib/libdragon.a(n64sys.o)
                0x800118a0                __data_cache_hit_invalidate
 .text.data_cache_hit_writeback_invalidate
                0x80011900       0x60 /n64_toolchain/lib/gcc/mips64-elf/13.1.0/../../../../mips64-elf/lib/libdragon.a(n64sys.o)
                0x80011900                data_cache_hit_writeback_invalidate
 .text.inst_cache_hit_invalidate
                0x80011960       0x60 /n64_toolchain/lib/gcc/mips64-elf/13.1.0/../../../../mips64-elf/lib/libdragon.a(n64sys.o)
                0x80011960                inst_cache_hit_invalidate
 .text.malloc_uncached_aligned
                0x800119c0       0xc0 /n64_toolchain/lib/gcc/mips64-elf/13.1.0/../../../../mips64-elf/lib/libdragon.a(n64sys.o)
                0x800119c0                malloc_uncached_aligned
 .text.malloc_uncached
                0x80011a80       0x20 /n64_toolchain/lib/gcc/mips64-elf/13.1.0/../../../../mips64-elf/lib/libdragon.a(n64sys.o)
                0x80011a80                malloc_uncached
 .text.free_uncached
                0x80011aa0       0x20 /n64_toolchain/lib/gcc/mips64-elf/13.1.0/../../../../mips64-elf/lib/libdragon.a(n64sys.o)
                0x80011aa0                free_uncached
 .text.get_memory_size
                0x80011ac0       0x60 /n64_toolchain/lib/gcc/mips64-elf/13.1.0/../../../../mips64-elf/lib/libdragon.a(n64sys.o)
                0x80011ac0                get_memory_size
 .text.get_tv_type
                0x80011b20       0x20 /n64_toolchain/lib/gcc/mips64-elf/13.1.0/../../../../mips64-elf/lib/libdragon.a(n64sys.o)
                0x80011b20                get_tv_type
 .text.wait_ms  0x80011b40       0x40 /n64_toolchain/lib/gcc/mips64-elf/13.1.0/../../../../mips64-elf/lib/libdragon.a(n64sys.o)
                0x80011b40                wait_ms
 .text.startup.__init_cop1
                0x80011b80       0x40 /n64_toolchain/lib/gcc/mips64-elf/13.1.0/../../../../mips64-elf/lib/libdragon.a(n64sys.o)
                0x80011b80                __init_cop1
 .text.__stderr_write
                0x80011bc0       0x80 /n64_toolchain/lib/gcc/mips64-elf/13.1.0/../../../../mips64-elf/lib/libdragon.a(debug.o)
 .text.usblog_write
                0x80011c40       0x20 /n64_toolchain/lib/gcc/mips64-elf/13.1.0/../../../../mips64-elf/lib/libdragon.a(debug.o)
 .text.cb.0     0x80011c60       0xa0 /n64_toolchain/lib/gcc/mips64-elf/13.1.0/../../../../mips64-elf/lib/libdragon.a(debug.o)
 .text.debug_init_usblog
                0x80011d00       0xe0 /n64_toolchain/lib/gcc/mips64-elf/13.1.0/../../../../mips64-elf/lib/libdragon.a(debug.o)
                0x80011d00                debug_init_usblog
 .text.debug_assert_func_f
                0x80011de0       0xe0 /n64_toolchain/lib/gcc/mips64-elf/13.1.0/../../../../mips64-elf/lib/libdragon.a(debug.o)
                0x80011de0                debug_assert_func_f
 .text.debug_assert_func
                0x80011ec0       0x20 /n64_toolchain/lib/gcc/mips64-elf/13.1.0/../../../../mips64-elf/lib/libdragon.a(debug.o)
                0x80011ec0                debug_assert_func
 .text.debug_hexdump
                0x80011ee0      0x280 /n64_toolchain/lib/gcc/mips64-elf/13.1.0/../../../../mips64-elf/lib/libdragon.a(debug.o)
                0x80011ee0                debug_hexdump
 .text.__debug_backtrace
                0x80012160      0x100 /n64_toolchain/lib/gcc/mips64-elf/13.1.0/../../../../mips64-elf/lib/libdragon.a(debug.o)
                0x80012160                __debug_backtrace
 .text.debug_backtrace
                0x80012260       0x20 /n64_toolchain/lib/gcc/mips64-elf/13.1.0/../../../../mips64-elf/lib/libdragon.a(debug.o)
                0x80012260                debug_backtrace
 .text.usb_64drive_read
                0x80012280       0x60 /n64_toolchain/lib/gcc/mips64-elf/13.1.0/../../../../mips64-elf/lib/libdragon.a(usb.o)
 .text.usb_64drive_poll
                0x800122e0      0x1a0 /n64_toolchain/lib/gcc/mips64-elf/13.1.0/../../../../mips64-elf/lib/libdragon.a(usb.o)
 .text.usb_everdrive_usbbusy
                0x80012480       0xe0 /n64_toolchain/lib/gcc/mips64-elf/13.1.0/../../../../mips64-elf/lib/libdragon.a(usb.o)
 .text.usb_everdrive_readusb
                0x80012560       0xc0 /n64_toolchain/lib/gcc/mips64-elf/13.1.0/../../../../mips64-elf/lib/libdragon.a(usb.o)
 .text.usb_everdrive_poll
                0x80012620      0x200 /n64_toolchain/lib/gcc/mips64-elf/13.1.0/../../../../mips64-elf/lib/libdragon.a(usb.o)
 .text.usb_everdrive_write
                0x80012820      0x1c0 /n64_toolchain/lib/gcc/mips64-elf/13.1.0/../../../../mips64-elf/lib/libdragon.a(usb.o)
 .text.usb_sc64_read
                0x800129e0       0x60 /n64_toolchain/lib/gcc/mips64-elf/13.1.0/../../../../mips64-elf/lib/libdragon.a(usb.o)
 .text.usb_everdrive_read
                0x80012a40       0x60 /n64_toolchain/lib/gcc/mips64-elf/13.1.0/../../../../mips64-elf/lib/libdragon.a(usb.o)
 .text.usb_sc64_poll
                0x80012aa0      0x160 /n64_toolchain/lib/gcc/mips64-elf/13.1.0/../../../../mips64-elf/lib/libdragon.a(usb.o)
 .text.usb_write
                0x80012c00       0x40 /n64_toolchain/lib/gcc/mips64-elf/13.1.0/../../../../mips64-elf/lib/libdragon.a(usb.o)
                0x80012c00                usb_write
 .text.usb_sendheartbeat
                0x80012c40       0x60 /n64_toolchain/lib/gcc/mips64-elf/13.1.0/../../../../mips64-elf/lib/libdragon.a(usb.o)
                0x80012c40                usb_sendheartbeat
 .text.usb_initialize
                0x80012ca0      0x1c0 /n64_toolchain/lib/gcc/mips64-elf/13.1.0/../../../../mips64-elf/lib/libdragon.a(usb.o)
                0x80012ca0                usb_initialize
 .text.usb_64drive_wait
                0x80012e60       0xc0 /n64_toolchain/lib/gcc/mips64-elf/13.1.0/../../../../mips64-elf/lib/libdragon.a(usb.o)
                0x80012e60                usb_64drive_wait
 .text.usb_64drive_write
                0x80012f20      0x240 /n64_toolchain/lib/gcc/mips64-elf/13.1.0/../../../../mips64-elf/lib/libdragon.a(usb.o)
 .text.usb_sc64_execute_cmd
                0x80013160       0xc0 /n64_toolchain/lib/gcc/mips64-elf/13.1.0/../../../../mips64-elf/lib/libdragon.a(usb.o)
                0x80013160                usb_sc64_execute_cmd
 .text.usb_sc64_write
                0x80013220      0x2a0 /n64_toolchain/lib/gcc/mips64-elf/13.1.0/../../../../mips64-elf/lib/libdragon.a(usb.o)
 .text.get_next_token
                0x800134c0       0xc0 /n64_toolchain/lib/gcc/mips64-elf/13.1.0/../../../../mips64-elf/lib/libdragon.a(dragonfs.o)
 .text.recurse_path
                0x80013580      0x3c0 /n64_toolchain/lib/gcc/mips64-elf/13.1.0/../../../../mips64-elf/lib/libdragon.a(dragonfs.o)
 .text.__close  0x80013940       0x80 /n64_toolchain/lib/gcc/mips64-elf/13.1.0/../../../../mips64-elf/lib/libdragon.a(dragonfs.o)
 .text.__fstat  0x800139c0       0xa0 /n64_toolchain/lib/gcc/mips64-elf/13.1.0/../../../../mips64-elf/lib/libdragon.a(dragonfs.o)
 .text.dfs_dir_findfirst
                0x80013a60       0xc0 /n64_toolchain/lib/gcc/mips64-elf/13.1.0/../../../../mips64-elf/lib/libdragon.a(dragonfs.o)
                0x80013a60                dfs_dir_findfirst
 .text.__findfirst
                0x80013b20       0x80 /n64_toolchain/lib/gcc/mips64-elf/13.1.0/../../../../mips64-elf/lib/libdragon.a(dragonfs.o)
 .text.dfs_dir_findnext
                0x80013ba0       0xc0 /n64_toolchain/lib/gcc/mips64-elf/13.1.0/../../../../mips64-elf/lib/libdragon.a(dragonfs.o)
                0x80013ba0                dfs_dir_findnext
 .text.__findnext
                0x80013c60       0x80 /n64_toolchain/lib/gcc/mips64-elf/13.1.0/../../../../mips64-elf/lib/libdragon.a(dragonfs.o)
 .text.dfs_open
                0x80013ce0      0x120 /n64_toolchain/lib/gcc/mips64-elf/13.1.0/../../../../mips64-elf/lib/libdragon.a(dragonfs.o)
                0x80013ce0                dfs_open
 .text.__open   0x80013e00      0x120 /n64_toolchain/lib/gcc/mips64-elf/13.1.0/../../../../mips64-elf/lib/libdragon.a(dragonfs.o)
 .text.dfs_close
                0x80013f20       0x80 /n64_toolchain/lib/gcc/mips64-elf/13.1.0/../../../../mips64-elf/lib/libdragon.a(dragonfs.o)
                0x80013f20                dfs_close
 .text.dfs_seek
                0x80013fa0      0x100 /n64_toolchain/lib/gcc/mips64-elf/13.1.0/../../../../mips64-elf/lib/libdragon.a(dragonfs.o)
                0x80013fa0                dfs_seek
 .text.__lseek  0x800140a0       0x80 /n64_toolchain/lib/gcc/mips64-elf/13.1.0/../../../../mips64-elf/lib/libdragon.a(dragonfs.o)
 .text.dfs_read
                0x80014120      0x280 /n64_toolchain/lib/gcc/mips64-elf/13.1.0/../../../../mips64-elf/lib/libdragon.a(dragonfs.o)
                0x80014120                dfs_read
 .text.__read   0x800143a0       0x20 /n64_toolchain/lib/gcc/mips64-elf/13.1.0/../../../../mips64-elf/lib/libdragon.a(dragonfs.o)
 .text.dfs_size
                0x800143c0       0x60 /n64_toolchain/lib/gcc/mips64-elf/13.1.0/../../../../mips64-elf/lib/libdragon.a(dragonfs.o)
                0x800143c0                dfs_size
 .text.dfs_rom_addr
                0x80014420       0xa0 /n64_toolchain/lib/gcc/mips64-elf/13.1.0/../../../../mips64-elf/lib/libdragon.a(dragonfs.o)
                0x80014420                dfs_rom_addr
 .text.dfs_init
                0x800144c0      0x1e0 /n64_toolchain/lib/gcc/mips64-elf/13.1.0/../../../../mips64-elf/lib/libdragon.a(dragonfs.o)
                0x800144c0                dfs_init
 .text.audio_callback.part.0
                0x800146a0      0x1e0 /n64_toolchain/lib/gcc/mips64-elf/13.1.0/../../../../mips64-elf/lib/libdragon.a(audio.o)
 .text.audio_callback
                0x80014880       0x60 /n64_toolchain/lib/gcc/mips64-elf/13.1.0/../../../../mips64-elf/lib/libdragon.a(audio.o)
 .text.audio_init
                0x800148e0      0x200 /n64_toolchain/lib/gcc/mips64-elf/13.1.0/../../../../mips64-elf/lib/libdragon.a(audio.o)
                0x800148e0                audio_init
 .text.audio_write_begin
                0x80014ae0      0x100 /n64_toolchain/lib/gcc/mips64-elf/13.1.0/../../../../mips64-elf/lib/libdragon.a(audio.o)
                0x80014ae0                audio_write_begin
 .text.audio_write_end
                0x80014be0       0x80 /n64_toolchain/lib/gcc/mips64-elf/13.1.0/../../../../mips64-elf/lib/libdragon.a(audio.o)
                0x80014be0                audio_write_end
 .text.audio_can_write
                0x80014c60       0x40 /n64_toolchain/lib/gcc/mips64-elf/13.1.0/../../../../mips64-elf/lib/libdragon.a(audio.o)
                0x80014c60                audio_can_write
 .text.audio_get_frequency
                0x80014ca0       0x20 /n64_toolchain/lib/gcc/mips64-elf/13.1.0/../../../../mips64-elf/lib/libdragon.a(audio.o)
                0x80014ca0                audio_get_frequency
 .text.audio_get_buffer_length
                0x80014cc0       0x20 /n64_toolchain/lib/gcc/mips64-elf/13.1.0/../../../../mips64-elf/lib/libdragon.a(audio.o)
                0x80014cc0                audio_get_buffer_length
 .text.__display_callback
                0x80014ce0       0xc0 /n64_toolchain/lib/gcc/mips64-elf/13.1.0/../../../../mips64-elf/lib/libdragon.a(display.o)
 .text.display_show.part.0
                0x80014da0      0x140 /n64_toolchain/lib/gcc/mips64-elf/13.1.0/../../../../mips64-elf/lib/libdragon.a(display.o)
 .text.display_init
                0x80014ee0      0x600 /n64_toolchain/lib/gcc/mips64-elf/13.1.0/../../../../mips64-elf/lib/libdragon.a(display.o)
                0x80014ee0                display_init
 .text.display_close
                0x800154e0      0x100 /n64_toolchain/lib/gcc/mips64-elf/13.1.0/../../../../mips64-elf/lib/libdragon.a(display.o)
                0x800154e0                display_close
 .text.display_try_get
                0x800155e0       0xc0 /n64_toolchain/lib/gcc/mips64-elf/13.1.0/../../../../mips64-elf/lib/libdragon.a(display.o)
                0x800155e0                display_try_get
 .text.display_get
                0x800156a0      0x100 /n64_toolchain/lib/gcc/mips64-elf/13.1.0/../../../../mips64-elf/lib/libdragon.a(display.o)
                0x800156a0                display_get
 .text.display_show
                0x800157a0       0x20 /n64_toolchain/lib/gcc/mips64-elf/13.1.0/../../../../mips64-elf/lib/libdragon.a(display.o)
                0x800157a0                display_show
 .text.display_show_force
                0x800157c0       0x40 /n64_toolchain/lib/gcc/mips64-elf/13.1.0/../../../../mips64-elf/lib/libdragon.a(display.o)
                0x800157c0                display_show_force
 .text.display_get_bitdepth
                0x80015800       0x20 /n64_toolchain/lib/gcc/mips64-elf/13.1.0/../../../../mips64-elf/lib/libdragon.a(display.o)
                0x80015800                display_get_bitdepth
 .text.tex_format_name
                0x80015820       0x40 /n64_toolchain/lib/gcc/mips64-elf/13.1.0/../../../../mips64-elf/lib/libdragon.a(surface.o)
                0x80015820                tex_format_name
 .text.surface_alloc
                0x80015860       0xe0 /n64_toolchain/lib/gcc/mips64-elf/13.1.0/../../../../mips64-elf/lib/libdragon.a(surface.o)
                0x80015860                surface_alloc
 .text.surface_free
                0x80015940       0x80 /n64_toolchain/lib/gcc/mips64-elf/13.1.0/../../../../mips64-elf/lib/libdragon.a(surface.o)
                0x80015940                surface_free
 .text.__console_render.part.0
                0x800159c0      0x100 /n64_toolchain/lib/gcc/mips64-elf/13.1.0/../../../../mips64-elf/lib/libdragon.a(console.o)
 .text.__console_write
                0x80015ac0      0x2c0 /n64_toolchain/lib/gcc/mips64-elf/13.1.0/../../../../mips64-elf/lib/libdragon.a(console.o)
 .text.console_set_render_mode
                0x80015d80       0x20 /n64_toolchain/lib/gcc/mips64-elf/13.1.0/../../../../mips64-elf/lib/libdragon.a(console.o)
                0x80015d80                console_set_render_mode
 .text.console_init
                0x80015da0       0xe0 /n64_toolchain/lib/gcc/mips64-elf/13.1.0/../../../../mips64-elf/lib/libdragon.a(console.o)
                0x80015da0                console_init
 .text.console_render
                0x80015e80       0x40 /n64_toolchain/lib/gcc/mips64-elf/13.1.0/../../../../mips64-elf/lib/libdragon.a(console.o)
                0x80015e80                console_render
 .text.console_set_debug
                0x80015ec0       0x20 /n64_toolchain/lib/gcc/mips64-elf/13.1.0/../../../../mips64-elf/lib/libdragon.a(console.o)
                0x80015ec0                console_set_debug
 .text.controller_interrupt_update
                0x80015ee0       0x80 /n64_toolchain/lib/gcc/mips64-elf/13.1.0/../../../../mips64-elf/lib/libdragon.a(controller.o)
 .text.controller_interrupt
                0x80015f60       0x40 /n64_toolchain/lib/gcc/mips64-elf/13.1.0/../../../../mips64-elf/lib/libdragon.a(controller.o)
 .text.controller_init
                0x80015fa0       0xa0 /n64_toolchain/lib/gcc/mips64-elf/13.1.0/../../../../mips64-elf/lib/libdragon.a(controller.o)
                0x80015fa0                controller_init
 .text.controller_read
                0x80016040       0x20 /n64_toolchain/lib/gcc/mips64-elf/13.1.0/../../../../mips64-elf/lib/libdragon.a(controller.o)
                0x80016040                controller_read
 .text.controller_scan
                0x80016060      0x100 /n64_toolchain/lib/gcc/mips64-elf/13.1.0/../../../../mips64-elf/lib/libdragon.a(controller.o)
                0x80016060                controller_scan
 .text.get_keys_down
                0x80016160       0xa0 /n64_toolchain/lib/gcc/mips64-elf/13.1.0/../../../../mips64-elf/lib/libdragon.a(controller.o)
                0x80016160                get_keys_down
 .text.graphics_draw_sprite_trans_stride.part.0
                0x80016200      0x380 /n64_toolchain/lib/gcc/mips64-elf/13.1.0/../../../../mips64-elf/lib/libdragon.a(graphics.o)
 .text.graphics_draw_character.part.0
                0x80016580      0x2c0 /n64_toolchain/lib/gcc/mips64-elf/13.1.0/../../../../mips64-elf/lib/libdragon.a(graphics.o)
 .text.graphics_make_color
                0x80016840       0xc0 /n64_toolchain/lib/gcc/mips64-elf/13.1.0/../../../../mips64-elf/lib/libdragon.a(graphics.o)
                0x80016840                graphics_make_color
 .text.graphics_convert_color
                0x80016900       0x80 /n64_toolchain/lib/gcc/mips64-elf/13.1.0/../../../../mips64-elf/lib/libdragon.a(graphics.o)
                0x80016900                graphics_convert_color
 .text.graphics_set_color
                0x80016980       0x20 /n64_toolchain/lib/gcc/mips64-elf/13.1.0/../../../../mips64-elf/lib/libdragon.a(graphics.o)
                0x80016980                graphics_set_color
 .text.graphics_draw_box
                0x800169a0      0x120 /n64_toolchain/lib/gcc/mips64-elf/13.1.0/../../../../mips64-elf/lib/libdragon.a(graphics.o)
                0x800169a0                graphics_draw_box
 .text.graphics_fill_screen
                0x80016ac0       0x80 /n64_toolchain/lib/gcc/mips64-elf/13.1.0/../../../../mips64-elf/lib/libdragon.a(graphics.o)
                0x80016ac0                graphics_fill_screen
 .text.graphics_set_default_font
                0x80016b40       0x80 /n64_toolchain/lib/gcc/mips64-elf/13.1.0/../../../../mips64-elf/lib/libdragon.a(graphics.o)
                0x80016b40                graphics_set_default_font
 .text.graphics_draw_character
                0x80016bc0       0x20 /n64_toolchain/lib/gcc/mips64-elf/13.1.0/../../../../mips64-elf/lib/libdragon.a(graphics.o)
                0x80016bc0                graphics_draw_character
 .text.graphics_draw_text
                0x80016be0      0x120 /n64_toolchain/lib/gcc/mips64-elf/13.1.0/../../../../mips64-elf/lib/libdragon.a(graphics.o)
                0x80016be0                graphics_draw_text
 .text.graphics_draw_sprite_trans_stride
                0x80016d00       0x20 /n64_toolchain/lib/gcc/mips64-elf/13.1.0/../../../../mips64-elf/lib/libdragon.a(graphics.o)
                0x80016d00                graphics_draw_sprite_trans_stride
 .text.rsp_load_code
                0x80016d20      0x100 /n64_toolchain/lib/gcc/mips64-elf/13.1.0/../../../../mips64-elf/lib/libdragon.a(rsp.o)
                0x80016d20                rsp_load_code
 .text.rsp_load_data
                0x80016e20       0xe0 /n64_toolchain/lib/gcc/mips64-elf/13.1.0/../../../../mips64-elf/lib/libdragon.a(rsp.o)
                0x80016e20                rsp_load_data
 .text.rsp_load
                0x80016f00       0x60 /n64_toolchain/lib/gcc/mips64-elf/13.1.0/../../../../mips64-elf/lib/libdragon.a(rsp.o)
                0x80016f00                rsp_load
 .text.rsp_read_code
                0x80016f60       0xe0 /n64_toolchain/lib/gcc/mips64-elf/13.1.0/../../../../mips64-elf/lib/libdragon.a(rsp.o)
                0x80016f60                rsp_read_code
 .text.rsp_read_data
                0x80017040       0xe0 /n64_toolchain/lib/gcc/mips64-elf/13.1.0/../../../../mips64-elf/lib/libdragon.a(rsp.o)
                0x80017040                rsp_read_data
 .text.__rsp_run_async
                0x80017120       0x40 /n64_toolchain/lib/gcc/mips64-elf/13.1.0/../../../../mips64-elf/lib/libdragon.a(rsp.o)
                0x80017120                __rsp_run_async
 .text.__rsp_crash
                0x80017160      0xbe0 /n64_toolchain/lib/gcc/mips64-elf/13.1.0/../../../../mips64-elf/lib/libdragon.a(rsp.o)
                0x80017160                __rsp_crash
 .text.__rsp_check_assert
                0x80017d40       0x80 /n64_toolchain/lib/gcc/mips64-elf/13.1.0/../../../../mips64-elf/lib/libdragon.a(rsp.o)
                0x80017d40                __rsp_check_assert
 .text.rsp_wait
                0x80017dc0      0x100 /n64_toolchain/lib/gcc/mips64-elf/13.1.0/../../../../mips64-elf/lib/libdragon.a(rsp.o)
                0x80017dc0                rsp_wait
 .text.rsp_run  0x80017ec0       0x60 /n64_toolchain/lib/gcc/mips64-elf/13.1.0/../../../../mips64-elf/lib/libdragon.a(rsp.o)
                0x80017ec0                rsp_run
 .text.cb.2     0x80017f20       0x60 /n64_toolchain/lib/gcc/mips64-elf/13.1.0/../../../../mips64-elf/lib/libdragon.a(inspector.o)
 .text.cb.1     0x80017f80       0x60 /n64_toolchain/lib/gcc/mips64-elf/13.1.0/../../../../mips64-elf/lib/libdragon.a(inspector.o)
 .text.cb.0     0x80017fe0      0x120 /n64_toolchain/lib/gcc/mips64-elf/13.1.0/../../../../mips64-elf/lib/libdragon.a(inspector.o)
 .text.cb.3     0x80018100      0x120 /n64_toolchain/lib/gcc/mips64-elf/13.1.0/../../../../mips64-elf/lib/libdragon.a(inspector.o)
 .text.inspector_stdout
                0x80018220      0x240 /n64_toolchain/lib/gcc/mips64-elf/13.1.0/../../../../mips64-elf/lib/libdragon.a(inspector.o)
 .text.title    0x80018460       0xa0 /n64_toolchain/lib/gcc/mips64-elf/13.1.0/../../../../mips64-elf/lib/libdragon.a(inspector.o)
 .text.mips_disasm
                0x80018500      0x640 /n64_toolchain/lib/gcc/mips64-elf/13.1.0/../../../../mips64-elf/lib/libdragon.a(inspector.o)
 .text.inspector
                0x80018b40      0xc40 /n64_toolchain/lib/gcc/mips64-elf/13.1.0/../../../../mips64-elf/lib/libdragon.a(inspector.o)
 .text.handler.4
                0x80019780       0x40 /n64_toolchain/lib/gcc/mips64-elf/13.1.0/../../../../mips64-elf/lib/libdragon.a(inspector.o)
 .text.__inspector_exception
                0x800197c0       0x20 /n64_toolchain/lib/gcc/mips64-elf/13.1.0/../../../../mips64-elf/lib/libdragon.a(inspector.o)
                0x800197c0                __inspector_exception
 .text.__inspector_assertion
                0x800197e0       0x20 /n64_toolchain/lib/gcc/mips64-elf/13.1.0/../../../../mips64-elf/lib/libdragon.a(inspector.o)
                0x800197e0                __inspector_assertion
 .text.startup.__inspector_init
                0x80019800       0x20 /n64_toolchain/lib/gcc/mips64-elf/13.1.0/../../../../mips64-elf/lib/libdragon.a(inspector.o)
                0x80019800                __inspector_init
 .text.__sprite_upgrade
                0x80019820       0x40 /n64_toolchain/lib/gcc/mips64-elf/13.1.0/../../../../mips64-elf/lib/libdragon.a(sprite.o)
                0x80019820                __sprite_upgrade
 .text.dma_write_raw_async.part.0
                0x80019860       0x40 /n64_toolchain/lib/gcc/mips64-elf/13.1.0/../../../../mips64-elf/lib/libdragon.a(dma.o)
 .text.dma_read_raw_async
                0x800198a0       0xa0 /n64_toolchain/lib/gcc/mips64-elf/13.1.0/../../../../mips64-elf/lib/libdragon.a(dma.o)
                0x800198a0                dma_read_raw_async
 .text.dma_read_async
                0x80019940      0x3a0 /n64_toolchain/lib/gcc/mips64-elf/13.1.0/../../../../mips64-elf/lib/libdragon.a(dma.o)
                0x80019940                dma_read_async
 .text.dma_read
                0x80019ce0       0x40 /n64_toolchain/lib/gcc/mips64-elf/13.1.0/../../../../mips64-elf/lib/libdragon.a(dma.o)
                0x80019ce0                dma_read
 .text.dma_write
                0x80019d20       0xa0 /n64_toolchain/lib/gcc/mips64-elf/13.1.0/../../../../mips64-elf/lib/libdragon.a(dma.o)
                0x80019d20                dma_write
 .text.io_read  0x80019dc0       0x60 /n64_toolchain/lib/gcc/mips64-elf/13.1.0/../../../../mips64-elf/lib/libdragon.a(dma.o)
                0x80019dc0                io_read
 .text.io_write
                0x80019e20       0x60 /n64_toolchain/lib/gcc/mips64-elf/13.1.0/../../../../mips64-elf/lib/libdragon.a(dma.o)
                0x80019e20                io_write
 .text.timer_update_compare
                0x80019e80       0x40 /n64_toolchain/lib/gcc/mips64-elf/13.1.0/../../../../mips64-elf/lib/libdragon.a(timer.o)
 .text.timer_overflow_callback
                0x80019ec0       0x20 /n64_toolchain/lib/gcc/mips64-elf/13.1.0/../../../../mips64-elf/lib/libdragon.a(timer.o)
 .text.timer_poll
                0x80019ee0      0x1c0 /n64_toolchain/lib/gcc/mips64-elf/13.1.0/../../../../mips64-elf/lib/libdragon.a(timer.o)
 .text.timer_init
                0x8001a0a0       0xc0 /n64_toolchain/lib/gcc/mips64-elf/13.1.0/../../../../mips64-elf/lib/libdragon.a(timer.o)
                0x8001a0a0                timer_init
 .text.new_timer
                0x8001a160      0x100 /n64_toolchain/lib/gcc/mips64-elf/13.1.0/../../../../mips64-elf/lib/libdragon.a(timer.o)
                0x8001a160                new_timer
 .text.timer_ticks
                0x8001a260       0xc0 /n64_toolchain/lib/gcc/mips64-elf/13.1.0/../../../../mips64-elf/lib/libdragon.a(timer.o)
                0x8001a260                timer_ticks
 .text.cb.0     0x8001a320       0x40 /n64_toolchain/lib/gcc/mips64-elf/13.1.0/../../../../mips64-elf/lib/libdragon.a(exception.o)
 .text.cb.1     0x8001a360       0x80 /n64_toolchain/lib/gcc/mips64-elf/13.1.0/../../../../mips64-elf/lib/libdragon.a(exception.o)
 .text.__get_exception_name.isra.0
                0x8001a3e0      0x1a0 /n64_toolchain/lib/gcc/mips64-elf/13.1.0/../../../../mips64-elf/lib/libdragon.a(exception.o)
 .text.__exception_dump_header
                0x8001a580      0x260 /n64_toolchain/lib/gcc/mips64-elf/13.1.0/../../../../mips64-elf/lib/libdragon.a(exception.o)
                0x8001a580                __exception_dump_header
 .text.__exception_dump_gpr
                0x8001a7e0      0x160 /n64_toolchain/lib/gcc/mips64-elf/13.1.0/../../../../mips64-elf/lib/libdragon.a(exception.o)
                0x8001a7e0                __exception_dump_gpr
 .text.__exception_dump_fpr
                0x8001a940      0x2a0 /n64_toolchain/lib/gcc/mips64-elf/13.1.0/../../../../mips64-elf/lib/libdragon.a(exception.o)
                0x8001a940                __exception_dump_fpr
 .text.exception_default_handler
                0x8001abe0      0x1a0 /n64_toolchain/lib/gcc/mips64-elf/13.1.0/../../../../mips64-elf/lib/libdragon.a(exception.o)
                0x8001abe0                exception_default_handler
 .text.__onCriticalException
                0x8001ad80       0x60 /n64_toolchain/lib/gcc/mips64-elf/13.1.0/../../../../mips64-elf/lib/libdragon.a(exception.o)
                0x8001ad80                __onCriticalException
 .text.register_syscall_handler
                0x8001ade0      0x1a0 /n64_toolchain/lib/gcc/mips64-elf/13.1.0/../../../../mips64-elf/lib/libdragon.a(exception.o)
                0x8001ade0                register_syscall_handler
 .text.__onSyscallException
                0x8001af80      0x140 /n64_toolchain/lib/gcc/mips64-elf/13.1.0/../../../../mips64-elf/lib/libdragon.a(exception.o)
                0x8001af80                __onSyscallException
 .text.__register_frame_info
                0x8001b0c0       0x20 /n64_toolchain/lib/gcc/mips64-elf/13.1.0/../../../../mips64-elf/lib/libdragon.a(do_ctors.o)
                0x8001b0c0                __register_frame_info
 .text.__wrap___do_global_ctors
                0x8001b0e0       0xe0 /n64_toolchain/lib/gcc/mips64-elf/13.1.0/../../../../mips64-elf/lib/libdragon.a(do_ctors.o)
                0x8001b0e0                __wrap___do_global_ctors
 .text.mixer_init_samplebuffers
                0x8001b1c0      0x220 /n64_toolchain/lib/gcc/mips64-elf/13.1.0/../../../../mips64-elf/lib/libdragon.a(mixer.o)
 .text.waveform_read
                0x8001b3e0      0x1c0 /n64_toolchain/lib/gcc/mips64-elf/13.1.0/../../../../mips64-elf/lib/libdragon.a(mixer.o)
 .text.mixer_ch_set_freq
                0x8001b5a0      0x100 /n64_toolchain/lib/gcc/mips64-elf/13.1.0/../../../../mips64-elf/lib/libdragon.a(mixer.o)
                0x8001b5a0                mixer_ch_set_freq
 .text.mixer_ch_play
                0x8001b6a0      0x300 /n64_toolchain/lib/gcc/mips64-elf/13.1.0/../../../../mips64-elf/lib/libdragon.a(mixer.o)
                0x8001b6a0                mixer_ch_play
 .text.mixer_ch_set_limits
                0x8001b9a0      0x1a0 /n64_toolchain/lib/gcc/mips64-elf/13.1.0/../../../../mips64-elf/lib/libdragon.a(mixer.o)
                0x8001b9a0                mixer_ch_set_limits
 .text.mixer_init
                0x8001bb40      0x180 /n64_toolchain/lib/gcc/mips64-elf/13.1.0/../../../../mips64-elf/lib/libdragon.a(mixer.o)
                0x8001bb40                mixer_init
 .text.mixer_remove_event
                0x8001bcc0       0xa0 /n64_toolchain/lib/gcc/mips64-elf/13.1.0/../../../../mips64-elf/lib/libdragon.a(mixer.o)
                0x8001bcc0                mixer_remove_event
 .text.mixer_poll
                0x8001bd60      0x9e0 /n64_toolchain/lib/gcc/mips64-elf/13.1.0/../../../../mips64-elf/lib/libdragon.a(mixer.o)
                0x8001bd60                mixer_poll
 .text.samplebuffer_init
                0x8001c740       0xc0 /n64_toolchain/lib/gcc/mips64-elf/13.1.0/../../../../mips64-elf/lib/libdragon.a(samplebuffer.o)
                0x8001c740                samplebuffer_init
 .text.samplebuffer_set_bps
                0x8001c800      0x140 /n64_toolchain/lib/gcc/mips64-elf/13.1.0/../../../../mips64-elf/lib/libdragon.a(samplebuffer.o)
                0x8001c800                samplebuffer_set_bps
 .text.samplebuffer_set_waveform
                0x8001c940       0x20 /n64_toolchain/lib/gcc/mips64-elf/13.1.0/../../../../mips64-elf/lib/libdragon.a(samplebuffer.o)
                0x8001c940                samplebuffer_set_waveform
 .text.samplebuffer_close
                0x8001c960       0x20 /n64_toolchain/lib/gcc/mips64-elf/13.1.0/../../../../mips64-elf/lib/libdragon.a(samplebuffer.o)
                0x8001c960                samplebuffer_close
 .text.samplebuffer_get
                0x8001c980      0x1c0 /n64_toolchain/lib/gcc/mips64-elf/13.1.0/../../../../mips64-elf/lib/libdragon.a(samplebuffer.o)
                0x8001c980                samplebuffer_get
 .text.samplebuffer_discard
                0x8001cb40      0x120 /n64_toolchain/lib/gcc/mips64-elf/13.1.0/../../../../mips64-elf/lib/libdragon.a(samplebuffer.o)
                0x8001cb40                samplebuffer_discard
 .text.samplebuffer_append
                0x8001cc60      0x1a0 /n64_toolchain/lib/gcc/mips64-elf/13.1.0/../../../../mips64-elf/lib/libdragon.a(samplebuffer.o)
                0x8001cc60                samplebuffer_append
 .text.samplebuffer_flush
                0x8001ce00       0x20 /n64_toolchain/lib/gcc/mips64-elf/13.1.0/../../../../mips64-elf/lib/libdragon.a(samplebuffer.o)
                0x8001ce00                samplebuffer_flush
 .text.waveform_read
                0x8001ce20       0xa0 /n64_toolchain/lib/gcc/mips64-elf/13.1.0/../../../../mips64-elf/lib/libdragon.a(wav64.o)
 .text.wav64_open
                0x8001cec0      0x2a0 /n64_toolchain/lib/gcc/mips64-elf/13.1.0/../../../../mips64-elf/lib/libdragon.a(wav64.o)
                0x8001cec0                wav64_open
 .text.wav64_play
                0x8001d160       0x20 /n64_toolchain/lib/gcc/mips64-elf/13.1.0/../../../../mips64-elf/lib/libdragon.a(wav64.o)
                0x8001d160                wav64_play
 .text.wav64_set_loop
                0x8001d180       0x40 /n64_toolchain/lib/gcc/mips64-elf/13.1.0/../../../../mips64-elf/lib/libdragon.a(wav64.o)
                0x8001d180                wav64_set_loop
 .text.rspq_get_current_ovl
                0x8001d1c0       0xc0 /n64_toolchain/lib/gcc/mips64-elf/13.1.0/../../../../mips64-elf/lib/libdragon.a(rspq.o)
 .text.rspq_switch_context
                0x8001d280       0x60 /n64_toolchain/lib/gcc/mips64-elf/13.1.0/../../../../mips64-elf/lib/libdragon.a(rspq.o)
 .text.rspq_flush_internal
                0x8001d2e0       0x40 /n64_toolchain/lib/gcc/mips64-elf/13.1.0/../../../../mips64-elf/lib/libdragon.a(rspq.o)
 .text.rspq_crash_handler
                0x8001d320      0x340 /n64_toolchain/lib/gcc/mips64-elf/13.1.0/../../../../mips64-elf/lib/libdragon.a(rspq.o)
 .text.rspq_init_context
                0x8001d660       0xa0 /n64_toolchain/lib/gcc/mips64-elf/13.1.0/../../../../mips64-elf/lib/libdragon.a(rspq.o)
 .text.rspq_sp_interrupt
                0x8001d700       0xa0 /n64_toolchain/lib/gcc/mips64-elf/13.1.0/../../../../mips64-elf/lib/libdragon.a(rspq.o)
 .text.rspq_assert_handler
                0x8001d7a0       0xc0 /n64_toolchain/lib/gcc/mips64-elf/13.1.0/../../../../mips64-elf/lib/libdragon.a(rspq.o)
 .text.rspq_switch_buffer.part.0
                0x8001d860       0x40 /n64_toolchain/lib/gcc/mips64-elf/13.1.0/../../../../mips64-elf/lib/libdragon.a(rspq.o)
 .text.rspq_init
                0x8001d8a0      0x360 /n64_toolchain/lib/gcc/mips64-elf/13.1.0/../../../../mips64-elf/lib/libdragon.a(rspq.o)
                0x8001d8a0                rspq_init
 .text.rspq_flush
                0x8001dc00       0x40 /n64_toolchain/lib/gcc/mips64-elf/13.1.0/../../../../mips64-elf/lib/libdragon.a(rspq.o)
                0x8001dc00                rspq_flush
 .text.rspq_highpri_begin
                0x8001dc40       0xe0 /n64_toolchain/lib/gcc/mips64-elf/13.1.0/../../../../mips64-elf/lib/libdragon.a(rspq.o)
                0x8001dc40                rspq_highpri_begin
 .text.rspq_highpri_end
                0x8001dd20       0xa0 /n64_toolchain/lib/gcc/mips64-elf/13.1.0/../../../../mips64-elf/lib/libdragon.a(rspq.o)
                0x8001dd20                rspq_highpri_end
 .text.__rspq_deferred_poll
                0x8001ddc0       0xe0 /n64_toolchain/lib/gcc/mips64-elf/13.1.0/../../../../mips64-elf/lib/libdragon.a(rspq.o)
                0x8001ddc0                __rspq_deferred_poll
 .text.rspq_next_buffer
                0x8001dea0      0x2e0 /n64_toolchain/lib/gcc/mips64-elf/13.1.0/../../../../mips64-elf/lib/libdragon.a(rspq.o)
                0x8001dea0                rspq_next_buffer
 .text.rspq_syncpoint_new
                0x8001e180       0xe0 /n64_toolchain/lib/gcc/mips64-elf/13.1.0/../../../../mips64-elf/lib/libdragon.a(rspq.o)
                0x8001e180                rspq_syncpoint_new
 .text.rspq_highpri_sync
                0x8001e260      0x160 /n64_toolchain/lib/gcc/mips64-elf/13.1.0/../../../../mips64-elf/lib/libdragon.a(rspq.o)
                0x8001e260                rspq_highpri_sync
 .text.rspq_syncpoint_wait
                0x8001e3c0      0x160 /n64_toolchain/lib/gcc/mips64-elf/13.1.0/../../../../mips64-elf/lib/libdragon.a(rspq.o)
                0x8001e3c0                rspq_syncpoint_wait
 .text.rspq_wait
                0x8001e520      0x180 /n64_toolchain/lib/gcc/mips64-elf/13.1.0/../../../../mips64-elf/lib/libdragon.a(rspq.o)
                0x8001e520                rspq_wait
 .text.rspq_overlay_get_state
                0x8001e6a0      0x160 /n64_toolchain/lib/gcc/mips64-elf/13.1.0/../../../../mips64-elf/lib/libdragon.a(rspq.o)
                0x8001e6a0                rspq_overlay_get_state
 .text.rspq_overlay_register_internal
                0x8001e800      0x580 /n64_toolchain/lib/gcc/mips64-elf/13.1.0/../../../../mips64-elf/lib/libdragon.a(rspq.o)
 .text.rspq_overlay_register
                0x8001ed80       0x20 /n64_toolchain/lib/gcc/mips64-elf/13.1.0/../../../../mips64-elf/lib/libdragon.a(rspq.o)
                0x8001ed80                rspq_overlay_register
 .text.rspq_overlay_register_static
                0x8001eda0       0x60 /n64_toolchain/lib/gcc/mips64-elf/13.1.0/../../../../mips64-elf/lib/libdragon.a(rspq.o)
                0x8001eda0                rspq_overlay_register_static
 .text.__rdpq_interrupt
                0x8001ee00       0xc0 /n64_toolchain/lib/gcc/mips64-elf/13.1.0/../../../../mips64-elf/lib/libdragon.a(rdpq.o)
 .text.rdpq_assert_handler
                0x8001eec0       0xa0 /n64_toolchain/lib/gcc/mips64-elf/13.1.0/../../../../mips64-elf/lib/libdragon.a(rdpq.o)
 .text.__rdpq_block_next_buffer
                0x8001ef60      0x1c0 /n64_toolchain/lib/gcc/mips64-elf/13.1.0/../../../../mips64-elf/lib/libdragon.a(rdpq.o)
                0x8001ef60                __rdpq_block_next_buffer
 .text.rdpq_fence
                0x8001f120      0x120 /n64_toolchain/lib/gcc/mips64-elf/13.1.0/../../../../mips64-elf/lib/libdragon.a(rdpq.o)
                0x8001f120                rdpq_fence
 .text.__rdpq_block_reserve
                0x8001f240      0x120 /n64_toolchain/lib/gcc/mips64-elf/13.1.0/../../../../mips64-elf/lib/libdragon.a(rdpq.o)
                0x8001f240                __rdpq_block_reserve
 .text.__rdpq_block_update
                0x8001f360      0x120 /n64_toolchain/lib/gcc/mips64-elf/13.1.0/../../../../mips64-elf/lib/libdragon.a(rdpq.o)
                0x8001f360                __rdpq_block_update
 .text.__rdpq_write8
                0x8001f480       0xe0 /n64_toolchain/lib/gcc/mips64-elf/13.1.0/../../../../mips64-elf/lib/libdragon.a(rdpq.o)
                0x8001f480                __rdpq_write8
 .text.__rdpq_autosync_change
                0x8001f560      0x140 /n64_toolchain/lib/gcc/mips64-elf/13.1.0/../../../../mips64-elf/lib/libdragon.a(rdpq.o)
                0x8001f560                __rdpq_autosync_change
 .text.__rdpq_write8_syncchange
                0x8001f6a0       0x60 /n64_toolchain/lib/gcc/mips64-elf/13.1.0/../../../../mips64-elf/lib/libdragon.a(rdpq.o)
                0x8001f6a0                __rdpq_write8_syncchange
 .text.__rdpq_fixup_write8_syncchange
                0x8001f700      0x100 /n64_toolchain/lib/gcc/mips64-elf/13.1.0/../../../../mips64-elf/lib/libdragon.a(rdpq.o)
                0x8001f700                __rdpq_fixup_write8_syncchange
 .text.__rdpq_set_scissor
                0x8001f800       0xe0 /n64_toolchain/lib/gcc/mips64-elf/13.1.0/../../../../mips64-elf/lib/libdragon.a(rdpq.o)
                0x8001f800                __rdpq_set_scissor
 .text.__rdpq_set_fill_color
                0x8001f8e0       0xe0 /n64_toolchain/lib/gcc/mips64-elf/13.1.0/../../../../mips64-elf/lib/libdragon.a(rdpq.o)
                0x8001f8e0                __rdpq_set_fill_color
 .text.__rdpq_set_color_image
                0x8001f9c0      0x140 /n64_toolchain/lib/gcc/mips64-elf/13.1.0/../../../../mips64-elf/lib/libdragon.a(rdpq.o)
                0x8001f9c0                __rdpq_set_color_image
 .text.rdpq_set_color_image
                0x8001fb00      0x180 /n64_toolchain/lib/gcc/mips64-elf/13.1.0/../../../../mips64-elf/lib/libdragon.a(rdpq.o)
                0x8001fb00                rdpq_set_color_image
 .text.rdpq_set_z_image
                0x8001fc80       0xc0 /n64_toolchain/lib/gcc/mips64-elf/13.1.0/../../../../mips64-elf/lib/libdragon.a(rdpq.o)
                0x8001fc80                rdpq_set_z_image
 .text.__rdpq_set_other_modes
                0x8001fd40      0x100 /n64_toolchain/lib/gcc/mips64-elf/13.1.0/../../../../mips64-elf/lib/libdragon.a(rdpq.o)
                0x8001fd40                __rdpq_set_other_modes
 .text.rdpq_init
                0x8001fe40      0x180 /n64_toolchain/lib/gcc/mips64-elf/13.1.0/../../../../mips64-elf/lib/libdragon.a(rdpq.o)
                0x8001fe40                rdpq_init
 .text.rdpq_sync_full
                0x8001ffc0      0x100 /n64_toolchain/lib/gcc/mips64-elf/13.1.0/../../../../mips64-elf/lib/libdragon.a(rdpq.o)
                0x8001ffc0                rdpq_sync_full
 .text.__rdpq_fill_rectangle
                0x800200c0      0x120 /n64_toolchain/lib/gcc/mips64-elf/13.1.0/../../../../mips64-elf/lib/libdragon.a(rdpq_rect.o)
                0x800200c0                __rdpq_fill_rectangle
 .text.__rdpq_fill_rectangle_offline
                0x800201e0       0x80 /n64_toolchain/lib/gcc/mips64-elf/13.1.0/../../../../mips64-elf/lib/libdragon.a(rdpq_rect.o)
                0x800201e0                __rdpq_fill_rectangle_offline
 .text.__rdpq_fixup_mode
                0x80020260       0xc0 /n64_toolchain/lib/gcc/mips64-elf/13.1.0/../../../../mips64-elf/lib/libdragon.a(rdpq_mode.o)
                0x80020260                __rdpq_fixup_mode
 .text.__rdpq_reset_render_mode
                0x80020320       0xe0 /n64_toolchain/lib/gcc/mips64-elf/13.1.0/../../../../mips64-elf/lib/libdragon.a(rdpq_mode.o)
                0x80020320                __rdpq_reset_render_mode
 .text.rdpq_mode_push
                0x80020400       0x40 /n64_toolchain/lib/gcc/mips64-elf/13.1.0/../../../../mips64-elf/lib/libdragon.a(rdpq_mode.o)
                0x80020400                rdpq_mode_push
 .text.rdpq_mode_pop
                0x80020440       0x20 /n64_toolchain/lib/gcc/mips64-elf/13.1.0/../../../../mips64-elf/lib/libdragon.a(rdpq_mode.o)
                0x80020440                rdpq_mode_pop
 .text.__rdpq_set_mode_fill
                0x80020460       0x80 /n64_toolchain/lib/gcc/mips64-elf/13.1.0/../../../../mips64-elf/lib/libdragon.a(rdpq_mode.o)
                0x80020460                __rdpq_set_mode_fill
 .text.rdpq_attach.part.0
                0x800204e0       0x40 /n64_toolchain/lib/gcc/mips64-elf/13.1.0/../../../../mips64-elf/lib/libdragon.a(rdpq_attach.o)
 .text.attach   0x80020520      0x220 /n64_toolchain/lib/gcc/mips64-elf/13.1.0/../../../../mips64-elf/lib/libdragon.a(rdpq_attach.o)
 .text.rdpq_attach
                0x80020740       0x40 /n64_toolchain/lib/gcc/mips64-elf/13.1.0/../../../../mips64-elf/lib/libdragon.a(rdpq_attach.o)
                0x80020740                rdpq_attach
 .text.rdpq_detach_cb
                0x80020780       0xc0 /n64_toolchain/lib/gcc/mips64-elf/13.1.0/../../../../mips64-elf/lib/libdragon.a(rdpq_attach.o)
                0x80020780                rdpq_detach_cb
 .text.__MI_handler
                0x80020840      0x220 /n64_toolchain/lib/gcc/mips64-elf/13.1.0/../../../../mips64-elf/lib/libdragon.a(interrupt.o)
                0x80020840                __MI_handler
 .text.__TI_handler
                0x80020a60       0x60 /n64_toolchain/lib/gcc/mips64-elf/13.1.0/../../../../mips64-elf/lib/libdragon.a(interrupt.o)
                0x80020a60                __TI_handler
 .text.__CART_handler
                0x80020ac0       0xa0 /n64_toolchain/lib/gcc/mips64-elf/13.1.0/../../../../mips64-elf/lib/libdragon.a(interrupt.o)
                0x80020ac0                __CART_handler
 .text.__RESET_handler
                0x80020b60       0x60 /n64_toolchain/lib/gcc/mips64-elf/13.1.0/../../../../mips64-elf/lib/libdragon.a(interrupt.o)
                0x80020b60                __RESET_handler
 .text.register_AI_handler
                0x80020bc0       0x60 /n64_toolchain/lib/gcc/mips64-elf/13.1.0/../../../../mips64-elf/lib/libdragon.a(interrupt.o)
                0x80020bc0                register_AI_handler
 .text.register_VI_handler
                0x80020c20       0x60 /n64_toolchain/lib/gcc/mips64-elf/13.1.0/../../../../mips64-elf/lib/libdragon.a(interrupt.o)
                0x80020c20                register_VI_handler
 .text.unregister_VI_handler
                0x80020c80       0x60 /n64_toolchain/lib/gcc/mips64-elf/13.1.0/../../../../mips64-elf/lib/libdragon.a(interrupt.o)
                0x80020c80                unregister_VI_handler
 .text.register_DP_handler
                0x80020ce0       0x60 /n64_toolchain/lib/gcc/mips64-elf/13.1.0/../../../../mips64-elf/lib/libdragon.a(interrupt.o)
                0x80020ce0                register_DP_handler
 .text.register_SI_handler
                0x80020d40       0x60 /n64_toolchain/lib/gcc/mips64-elf/13.1.0/../../../../mips64-elf/lib/libdragon.a(interrupt.o)
                0x80020d40                register_SI_handler
 .text.register_SP_handler
                0x80020da0       0x60 /n64_toolchain/lib/gcc/mips64-elf/13.1.0/../../../../mips64-elf/lib/libdragon.a(interrupt.o)
                0x80020da0                register_SP_handler
 .text.register_TI_handler
                0x80020e00       0x60 /n64_toolchain/lib/gcc/mips64-elf/13.1.0/../../../../mips64-elf/lib/libdragon.a(interrupt.o)
                0x80020e00                register_TI_handler
 .text.set_AI_interrupt
                0x80020e60       0x40 /n64_toolchain/lib/gcc/mips64-elf/13.1.0/../../../../mips64-elf/lib/libdragon.a(interrupt.o)
                0x80020e60                set_AI_interrupt
 .text.set_VI_interrupt
                0x80020ea0       0x40 /n64_toolchain/lib/gcc/mips64-elf/13.1.0/../../../../mips64-elf/lib/libdragon.a(interrupt.o)
                0x80020ea0                set_VI_interrupt
 .text.set_DP_interrupt
                0x80020ee0       0x40 /n64_toolchain/lib/gcc/mips64-elf/13.1.0/../../../../mips64-elf/lib/libdragon.a(interrupt.o)
                0x80020ee0                set_DP_interrupt
 .text.set_SI_interrupt
                0x80020f20       0x40 /n64_toolchain/lib/gcc/mips64-elf/13.1.0/../../../../mips64-elf/lib/libdragon.a(interrupt.o)
                0x80020f20                set_SI_interrupt
 .text.set_SP_interrupt
                0x80020f60       0x40 /n64_toolchain/lib/gcc/mips64-elf/13.1.0/../../../../mips64-elf/lib/libdragon.a(interrupt.o)
                0x80020f60                set_SP_interrupt
 .text.set_TI_interrupt
                0x80020fa0       0x40 /n64_toolchain/lib/gcc/mips64-elf/13.1.0/../../../../mips64-elf/lib/libdragon.a(interrupt.o)
                0x80020fa0                set_TI_interrupt
 .text.startup.__init_interrupts
                0x80020fe0       0x40 /n64_toolchain/lib/gcc/mips64-elf/13.1.0/../../../../mips64-elf/lib/libdragon.a(interrupt.o)
                0x80020fe0                __init_interrupts
 .text.disable_interrupts
                0x80021020       0x60 /n64_toolchain/lib/gcc/mips64-elf/13.1.0/../../../../mips64-elf/lib/libdragon.a(interrupt.o)
                0x80021020                disable_interrupts
 .text.enable_interrupts
                0x80021080       0x80 /n64_toolchain/lib/gcc/mips64-elf/13.1.0/../../../../mips64-elf/lib/libdragon.a(interrupt.o)
                0x80021080                enable_interrupts
 .text.get_interrupts_state
                0x80021100       0x20 /n64_toolchain/lib/gcc/mips64-elf/13.1.0/../../../../mips64-elf/lib/libdragon.a(interrupt.o)
                0x80021100                get_interrupts_state
 .text.exception_reset_time
                0x80021120       0x20 /n64_toolchain/lib/gcc/mips64-elf/13.1.0/../../../../mips64-elf/lib/libdragon.a(interrupt.o)
                0x80021120                exception_reset_time
 .text.cb.0     0x80021140       0x40 /n64_toolchain/lib/gcc/mips64-elf/13.1.0/../../../../mips64-elf/lib/libdragon.a(backtrace.o)
 .text.symt_open
                0x80021180      0x1e0 /n64_toolchain/lib/gcc/mips64-elf/13.1.0/../../../../mips64-elf/lib/libdragon.a(backtrace.o)
 .text.symt_addrtab_entry.isra.0
                0x80021360       0x60 /n64_toolchain/lib/gcc/mips64-elf/13.1.0/../../../../mips64-elf/lib/libdragon.a(backtrace.o)
 .text.format_entry
                0x800213c0      0x240 /n64_toolchain/lib/gcc/mips64-elf/13.1.0/../../../../mips64-elf/lib/libdragon.a(backtrace.o)
 .text.symt_addrtab_search
                0x80021600      0x1e0 /n64_toolchain/lib/gcc/mips64-elf/13.1.0/../../../../mips64-elf/lib/libdragon.a(backtrace.o)
 .text.__symbolize
                0x800217e0      0x220 /n64_toolchain/lib/gcc/mips64-elf/13.1.0/../../../../mips64-elf/lib/libdragon.a(backtrace.o)
                0x800217e0                __symbolize
 .text.__bt_analyze_func
                0x80021a00      0x1a0 /n64_toolchain/lib/gcc/mips64-elf/13.1.0/../../../../mips64-elf/lib/libdragon.a(backtrace.o)
                0x80021a00                __bt_analyze_func
 .text.backtrace_foreach
                0x80021ba0      0x2e0 /n64_toolchain/lib/gcc/mips64-elf/13.1.0/../../../../mips64-elf/lib/libdragon.a(backtrace.o)
 .text.backtrace
                0x80021e80       0xc0 /n64_toolchain/lib/gcc/mips64-elf/13.1.0/../../../../mips64-elf/lib/libdragon.a(backtrace.o)
                0x80021e80                backtrace
 .text.backtrace_symbols_cb
                0x80021f40      0x2c0 /n64_toolchain/lib/gcc/mips64-elf/13.1.0/../../../../mips64-elf/lib/libdragon.a(backtrace.o)
                0x80021f40                backtrace_symbols_cb
 .text.backtrace_frame_print
                0x80022200       0xa0 /n64_toolchain/lib/gcc/mips64-elf/13.1.0/../../../../mips64-elf/lib/libdragon.a(backtrace.o)
                0x80022200                backtrace_frame_print
 .text.backtrace_frame_print_compact
                0x800222a0      0x140 /n64_toolchain/lib/gcc/mips64-elf/13.1.0/../../../../mips64-elf/lib/libdragon.a(backtrace.o)
                0x800222a0                backtrace_frame_print_compact
 .text.rompak_search_ext
                0x800223e0      0x1e0 /n64_toolchain/lib/gcc/mips64-elf/13.1.0/../../../../mips64-elf/lib/libdragon.a(rompak.o)
                0x800223e0                rompak_search_ext
 .text.joybus_msg_send
                0x800225c0       0x80 /n64_toolchain/lib/gcc/mips64-elf/13.1.0/../../../../mips64-elf/lib/libdragon.a(joybus.o)
 .text.callback.0
                0x80022640       0xa0 /n64_toolchain/lib/gcc/mips64-elf/13.1.0/../../../../mips64-elf/lib/libdragon.a(joybus.o)
 .text.si_interrupt
                0x800226e0      0x1a0 /n64_toolchain/lib/gcc/mips64-elf/13.1.0/../../../../mips64-elf/lib/libdragon.a(joybus.o)
 .text.startup.__joybus_init
                0x80022880       0x60 /n64_toolchain/lib/gcc/mips64-elf/13.1.0/../../../../mips64-elf/lib/libdragon.a(joybus.o)
                0x80022880                __joybus_init
 .text.joybus_exec_async
                0x800228e0      0x1a0 /n64_toolchain/lib/gcc/mips64-elf/13.1.0/../../../../mips64-elf/lib/libdragon.a(joybus.o)
                0x800228e0                joybus_exec_async
 .text.joybus_exec
                0x80022a80      0x140 /n64_toolchain/lib/gcc/mips64-elf/13.1.0/../../../../mips64-elf/lib/libdragon.a(joybus.o)
                0x80022a80                joybus_exec
 .text.attach_filesystem
                0x80022bc0      0x200 /n64_toolchain/lib/gcc/mips64-elf/13.1.0/../../../../mips64-elf/lib/libdragonsys.a(system.o)
                0x80022bc0                attach_filesystem
 .text.close    0x80022dc0      0x140 /n64_toolchain/lib/gcc/mips64-elf/13.1.0/../../../../mips64-elf/lib/libdragonsys.a(system.o)
                0x80022dc0                close
 .text._exit    0x80022f00       0x20 /n64_toolchain/lib/gcc/mips64-elf/13.1.0/../../../../mips64-elf/lib/libdragonsys.a(system.o)
                0x80022f00                _exit
 .text.fstat    0x80022f20      0x120 /n64_toolchain/lib/gcc/mips64-elf/13.1.0/../../../../mips64-elf/lib/libdragonsys.a(system.o)
                0x80022f20                fstat
 .text.getpid   0x80023040       0x40 /n64_toolchain/lib/gcc/mips64-elf/13.1.0/../../../../mips64-elf/lib/libdragonsys.a(system.o)
                0x80023040                getpid
 .text.isatty   0x80023080       0x40 /n64_toolchain/lib/gcc/mips64-elf/13.1.0/../../../../mips64-elf/lib/libdragonsys.a(system.o)
                0x80023080                isatty
 .text.kill     0x800230c0       0x40 /n64_toolchain/lib/gcc/mips64-elf/13.1.0/../../../../mips64-elf/lib/libdragonsys.a(system.o)
                0x800230c0                kill
 .text.lseek    0x80023100      0x120 /n64_toolchain/lib/gcc/mips64-elf/13.1.0/../../../../mips64-elf/lib/libdragonsys.a(system.o)
                0x80023100                lseek
 .text.read     0x80023220      0x160 /n64_toolchain/lib/gcc/mips64-elf/13.1.0/../../../../mips64-elf/lib/libdragonsys.a(system.o)
                0x80023220                read
 .text.sbrk     0x80023380       0xc0 /n64_toolchain/lib/gcc/mips64-elf/13.1.0/../../../../mips64-elf/lib/libdragonsys.a(system.o)
                0x80023380                sbrk
 .text.write    0x80023440      0x180 /n64_toolchain/lib/gcc/mips64-elf/13.1.0/../../../../mips64-elf/lib/libdragonsys.a(system.o)
                0x80023440                write
 .text.hook_stdio_calls
                0x800235c0       0x60 /n64_toolchain/lib/gcc/mips64-elf/13.1.0/../../../../mips64-elf/lib/libdragonsys.a(system.o)
                0x800235c0                hook_stdio_calls
 .text._flush_cache
                0x80023620       0x40 /n64_toolchain/lib/gcc/mips64-elf/13.1.0/../../../../mips64-elf/lib/libdragonsys.a(system.o)
                0x80023620                _flush_cache
 .text.__assert_func
                0x80023660       0x20 /n64_toolchain/lib/gcc/mips64-elf/13.1.0/../../../../mips64-elf/lib/libdragonsys.a(system.o)
                0x80023660                __assert_func
 *(.init)
 .init          0x80023680        0x8 /n64_toolchain/lib/gcc/mips64-elf/13.1.0/crti.o
                0x80023680                _init
 *(.fini)
 .fini          0x80023688        0x8 /n64_toolchain/lib/gcc/mips64-elf/13.1.0/crti.o
                0x80023688                _fini
 *(.gnu.linkonce.t.*)
                0x80023690                        . = ALIGN (0x10)
                0x80023690                        __text_end = .

.eh_frame_hdr
 *(.eh_frame_hdr)

.eh_frame       0x80023690        0x4
                0x80023690                        __EH_FRAME_BEGIN__ = .
 *(.eh_frame)
 .eh_frame      0x80023690        0x0 /n64_toolchain/lib/gcc/mips64-elf/13.1.0/crtbegin.o
 .eh_frame      0x80023690        0x4 /n64_toolchain/lib/gcc/mips64-elf/13.1.0/crtend.o

.gcc_except_table
 *(.gcc_except_table*)

.jcr
 *(.jcr)

.rodata         0x80023698    0x12638
 *(.rdata)
 *(.rodata)
 .rodata        0x80023698      0x188 /n64_toolchain/lib/gcc/mips64-elf/13.1.0/../../../../mips64-elf/lib/libc.a(libc_a-svfprintf.o)
 .rodata        0x80023820      0x188 /n64_toolchain/lib/gcc/mips64-elf/13.1.0/../../../../mips64-elf/lib/libc.a(libc_a-vfprintf.o)
 .rodata        0x800239a8      0x188 /n64_toolchain/lib/gcc/mips64-elf/13.1.0/../../../../mips64-elf/lib/libc.a(libc_a-vfiprintf.o)
 .rodata        0x80023b30      0x128 /n64_toolchain/lib/gcc/mips64-elf/13.1.0/../../../../mips64-elf/lib/libc.a(libc_a-mprec.o)
                0x80023b40                __mprec_tinytens
                0x80023b68                __mprec_bigtens
                0x80023b90                __mprec_tens
 .rodata        0x80023c58      0x23c /n64_toolchain/lib/gcc/mips64-elf/13.1.0/../../../../mips64-elf/lib/libc.a(libc_a-strerror.o)
 *fill*         0x80023e94        0x4 
 .rodata        0x80023e98      0x288 /n64_toolchain/lib/gcc/mips64-elf/13.1.0/../../../../mips64-elf/lib/libc.a(libc_a-ctype_.o)
                0x80023e98                _ctype_
                0x80023fa0                _ctype_b
 .rodata        0x80024120      0x188 /n64_toolchain/lib/gcc/mips64-elf/13.1.0/../../../../mips64-elf/lib/libc.a(libc_a-svfiprintf.o)
 *(.rodata.*)
 .rodata.main.str1.8
                0x800242a8       0xc6 build/main.o
 *fill*         0x8002436e        0x2 
 .rodata.RESOLUTION_320x240
                0x80024370        0xc build/main.o
 *fill*         0x8002437c        0x4 
 .rodata.malloc_uncached_aligned.str1.8
                0x80024380       0x3d /n64_toolchain/lib/gcc/mips64-elf/13.1.0/../../../../mips64-elf/lib/libdragon.a(n64sys.o)
 *fill*         0x800243bd        0x3 
 .rodata.__func__.0
                0x800243c0       0x18 /n64_toolchain/lib/gcc/mips64-elf/13.1.0/../../../../mips64-elf/lib/libdragon.a(n64sys.o)
 .rodata.cb.0.str1.8
                0x800243d8       0x1d /n64_toolchain/lib/gcc/mips64-elf/13.1.0/../../../../mips64-elf/lib/libdragon.a(debug.o)
 *fill*         0x800243f5        0x3 
 .rodata.debug_assert_func_f.str1.8
                0x800243f8       0x3d /n64_toolchain/lib/gcc/mips64-elf/13.1.0/../../../../mips64-elf/lib/libdragon.a(debug.o)
                                 0x45 (size before relaxing)
 *fill*         0x80024435        0x3 
 .rodata.debug_hexdump.str1.8
                0x80024438       0x2b /n64_toolchain/lib/gcc/mips64-elf/13.1.0/../../../../mips64-elf/lib/libdragon.a(debug.o)
 *fill*         0x80024463        0x5 
 .rodata.__debug_backtrace.str1.8
                0x80024468        0xc /n64_toolchain/lib/gcc/mips64-elf/13.1.0/../../../../mips64-elf/lib/libdragon.a(debug.o)
 *fill*         0x80024474        0x4 
 .rodata.__open.str1.8
                0x80024478        0x2 /n64_toolchain/lib/gcc/mips64-elf/13.1.0/../../../../mips64-elf/lib/libdragon.a(dragonfs.o)
 *fill*         0x8002447a        0x2 
 .rodata.__open
                0x8002447c       0x14 /n64_toolchain/lib/gcc/mips64-elf/13.1.0/../../../../mips64-elf/lib/libdragon.a(dragonfs.o)
 .rodata.dfs_read.str1.8
                0x80024490        0xf /n64_toolchain/lib/gcc/mips64-elf/13.1.0/../../../../mips64-elf/lib/libdragon.a(dragonfs.o)
                                 0x3f (size before relaxing)
 *fill*         0x8002449f        0x1 
 .rodata.dfs_init.str1.8
                0x800244a0       0x86 /n64_toolchain/lib/gcc/mips64-elf/13.1.0/../../../../mips64-elf/lib/libdragon.a(dragonfs.o)
                                 0x8e (size before relaxing)
 *fill*         0x80024526        0x2 
 .rodata.__func__.0
                0x80024528       0x16 /n64_toolchain/lib/gcc/mips64-elf/13.1.0/../../../../mips64-elf/lib/libdragon.a(dragonfs.o)
 *fill*         0x8002453e        0x2 
 .rodata.__func__.1
                0x80024540        0x9 /n64_toolchain/lib/gcc/mips64-elf/13.1.0/../../../../mips64-elf/lib/libdragon.a(dragonfs.o)
 *fill*         0x80024549        0x7 
 .rodata.display_show.part.0.str1.8
                0x80024550       0xf9 /n64_toolchain/lib/gcc/mips64-elf/13.1.0/../../../../mips64-elf/lib/libdragon.a(display.o)
 *fill*         0x80024649        0x7 
 .rodata.display_init.str1.8
                0x80024650      0x199 /n64_toolchain/lib/gcc/mips64-elf/13.1.0/../../../../mips64-elf/lib/libdragon.a(display.o)
 *fill*         0x800247e9        0x7 
 .rodata.display_get.str1.8
                0x800247f0       0x1c /n64_toolchain/lib/gcc/mips64-elf/13.1.0/../../../../mips64-elf/lib/libdragon.a(display.o)
 *fill*         0x8002480c        0x4 
 .rodata.__func__.0
                0x80024810        0xd /n64_toolchain/lib/gcc/mips64-elf/13.1.0/../../../../mips64-elf/lib/libdragon.a(display.o)
 *fill*         0x8002481d        0x3 
 .rodata.__func__.1
                0x80024820        0xc /n64_toolchain/lib/gcc/mips64-elf/13.1.0/../../../../mips64-elf/lib/libdragon.a(display.o)
 *fill*         0x8002482c        0x4 
 .rodata.__func__.2
                0x80024830        0xd /n64_toolchain/lib/gcc/mips64-elf/13.1.0/../../../../mips64-elf/lib/libdragon.a(display.o)
 *fill*         0x8002483d        0x3 
 .rodata.reg_values
                0x80024840       0x18 /n64_toolchain/lib/gcc/mips64-elf/13.1.0/../../../../mips64-elf/lib/libdragon.a(display.o)
 .rodata.mpal_i
                0x80024858       0x38 /n64_toolchain/lib/gcc/mips64-elf/13.1.0/../../../../mips64-elf/lib/libdragon.a(display.o)
 .rodata.pal_i  0x80024890       0x38 /n64_toolchain/lib/gcc/mips64-elf/13.1.0/../../../../mips64-elf/lib/libdragon.a(display.o)
 .rodata.ntsc_i
                0x800248c8       0x38 /n64_toolchain/lib/gcc/mips64-elf/13.1.0/../../../../mips64-elf/lib/libdragon.a(display.o)
 .rodata.mpal_p
                0x80024900       0x38 /n64_toolchain/lib/gcc/mips64-elf/13.1.0/../../../../mips64-elf/lib/libdragon.a(display.o)
 .rodata.pal_p  0x80024938       0x38 /n64_toolchain/lib/gcc/mips64-elf/13.1.0/../../../../mips64-elf/lib/libdragon.a(display.o)
 .rodata.ntsc_p
                0x80024970       0x38 /n64_toolchain/lib/gcc/mips64-elf/13.1.0/../../../../mips64-elf/lib/libdragon.a(display.o)
 .rodata.tex_format_name.str1.8
                0x800249a8        0x8 /n64_toolchain/lib/gcc/mips64-elf/13.1.0/../../../../mips64-elf/lib/libdragon.a(surface.o)
 .rodata.surface_alloc.str1.8
                0x800249b0       0x62 /n64_toolchain/lib/gcc/mips64-elf/13.1.0/../../../../mips64-elf/lib/libdragon.a(surface.o)
 *fill*         0x80024a12        0x6 
 .rodata.str1.8
                0x80024a18       0x7f /n64_toolchain/lib/gcc/mips64-elf/13.1.0/../../../../mips64-elf/lib/libdragon.a(surface.o)
 *fill*         0x80024a97        0x1 
 .rodata.CSWTCH.6
                0x80024a98       0x48 /n64_toolchain/lib/gcc/mips64-elf/13.1.0/../../../../mips64-elf/lib/libdragon.a(surface.o)
 .rodata.__func__.1
                0x80024ae0        0xe /n64_toolchain/lib/gcc/mips64-elf/13.1.0/../../../../mips64-elf/lib/libdragon.a(surface.o)
 *fill*         0x80024aee        0x2 
 .rodata.RESOLUTION_640x240
                0x80024af0        0xc /n64_toolchain/lib/gcc/mips64-elf/13.1.0/../../../../mips64-elf/lib/libdragon.a(console.o)
 *fill*         0x80024afc        0x4 
 .rodata.controller_scan.str1.8
                0x80024b00       0x51 /n64_toolchain/lib/gcc/mips64-elf/13.1.0/../../../../mips64-elf/lib/libdragon.a(controller.o)
 *fill*         0x80024b51        0x7 
 .rodata.__func__.2
                0x80024b58       0x10 /n64_toolchain/lib/gcc/mips64-elf/13.1.0/../../../../mips64-elf/lib/libdragon.a(controller.o)
 .rodata.SI_read_con_block.8
                0x80024b68       0x40 /n64_toolchain/lib/gcc/mips64-elf/13.1.0/../../../../mips64-elf/lib/libdragon.a(controller.o)
 .rodata.SI_read_con_block.9
                0x80024ba8       0x40 /n64_toolchain/lib/gcc/mips64-elf/13.1.0/../../../../mips64-elf/lib/libdragon.a(controller.o)
 .rodata.__font_data_32
                0x80024be8     0x8008 /n64_toolchain/lib/gcc/mips64-elf/13.1.0/../../../../mips64-elf/lib/libdragon.a(graphics.o)
 .rodata.__font_data_16
                0x8002cbf0     0x4008 /n64_toolchain/lib/gcc/mips64-elf/13.1.0/../../../../mips64-elf/lib/libdragon.a(graphics.o)
 .rodata.rsp_load_code.str1.8
                0x80030bf8       0x47 /n64_toolchain/lib/gcc/mips64-elf/13.1.0/../../../../mips64-elf/lib/libdragon.a(rsp.o)
 *fill*         0x80030c3f        0x1 
 .rodata.rsp_load_data.str1.8
                0x80030c40       0x17 /n64_toolchain/lib/gcc/mips64-elf/13.1.0/../../../../mips64-elf/lib/libdragon.a(rsp.o)
 *fill*         0x80030c57        0x1 
 .rodata.__rsp_crash.str1.8
                0x80030c58      0x7e7 /n64_toolchain/lib/gcc/mips64-elf/13.1.0/../../../../mips64-elf/lib/libdragon.a(rsp.o)
                                0x7ef (size before relaxing)
 .rodata.rsp_wait.str1.8
                0x8003143f       0x1c /n64_toolchain/lib/gcc/mips64-elf/13.1.0/../../../../mips64-elf/lib/libdragon.a(rsp.o)
 *fill*         0x8003143f        0x1 
 .rodata.__func__.0
                0x80031440        0x9 /n64_toolchain/lib/gcc/mips64-elf/13.1.0/../../../../mips64-elf/lib/libdragon.a(rsp.o)
 *fill*         0x80031449        0x7 
 .rodata.__func__.1
                0x80031450        0xe /n64_toolchain/lib/gcc/mips64-elf/13.1.0/../../../../mips64-elf/lib/libdragon.a(rsp.o)
 *fill*         0x8003145e        0x2 
 .rodata.__func__.2
                0x80031460        0xe /n64_toolchain/lib/gcc/mips64-elf/13.1.0/../../../../mips64-elf/lib/libdragon.a(rsp.o)
 *fill*         0x8003146e        0x2 
 .rodata.__func__.3
                0x80031470        0xe /n64_toolchain/lib/gcc/mips64-elf/13.1.0/../../../../mips64-elf/lib/libdragon.a(rsp.o)
 *fill*         0x8003147e        0x2 
 .rodata.__func__.4
                0x80031480        0xe /n64_toolchain/lib/gcc/mips64-elf/13.1.0/../../../../mips64-elf/lib/libdragon.a(rsp.o)
 *fill*         0x8003148e        0x2 
 .rodata.str1.8
                0x80031490        0xa /n64_toolchain/lib/gcc/mips64-elf/13.1.0/../../../../mips64-elf/lib/libdragon.a(rsp.o)
 *fill*         0x8003149a        0x6 
 .rodata.cb.2.str1.8
                0x800314a0       0x1a /n64_toolchain/lib/gcc/mips64-elf/13.1.0/../../../../mips64-elf/lib/libdragon.a(inspector.o)
                                 0x22 (size before relaxing)
 *fill*         0x800314ba        0x6 
 .rodata.cb.1.str1.8
                0x800314c0        0xc /n64_toolchain/lib/gcc/mips64-elf/13.1.0/../../../../mips64-elf/lib/libdragon.a(inspector.o)
 *fill*         0x800314cc        0x4 
 .rodata.cb.0.str1.8
                0x800314d0        0x7 /n64_toolchain/lib/gcc/mips64-elf/13.1.0/../../../../mips64-elf/lib/libdragon.a(inspector.o)
                                 0x27 (size before relaxing)
 *fill*         0x800314d7        0x1 
 .rodata.cb.3.str1.8
                0x800314d8       0x2a /n64_toolchain/lib/gcc/mips64-elf/13.1.0/../../../../mips64-elf/lib/libdragon.a(inspector.o)
 *fill*         0x80031502        0x2 
 .rodata.inspector_stdout
                0x80031504       0x54 /n64_toolchain/lib/gcc/mips64-elf/13.1.0/../../../../mips64-elf/lib/libdragon.a(inspector.o)
 .rodata.mips_disasm.str1.8
                0x80031558      0x1a6 /n64_toolchain/lib/gcc/mips64-elf/13.1.0/../../../../mips64-elf/lib/libdragon.a(inspector.o)
                                0x1b6 (size before relaxing)
 *fill*         0x800316fe        0x2 
 .rodata.mips_disasm
                0x80031700       0xb0 /n64_toolchain/lib/gcc/mips64-elf/13.1.0/../../../../mips64-elf/lib/libdragon.a(inspector.o)
 .rodata.inspector.str1.8
                0x800317b0      0x21c /n64_toolchain/lib/gcc/mips64-elf/13.1.0/../../../../mips64-elf/lib/libdragon.a(inspector.o)
                                0x22c (size before relaxing)
 .rodata.inspector
                0x800319cc       0x14 /n64_toolchain/lib/gcc/mips64-elf/13.1.0/../../../../mips64-elf/lib/libdragon.a(inspector.o)
 .rodata.str1.8
                0x800319e0      0x5db /n64_toolchain/lib/gcc/mips64-elf/13.1.0/../../../../mips64-elf/lib/libdragon.a(inspector.o)
                                0x5e3 (size before relaxing)
 *fill*         0x80031fbb        0x5 
 .rodata.fpu_ops.7
                0x80031fc0      0x100 /n64_toolchain/lib/gcc/mips64-elf/13.1.0/../../../../mips64-elf/lib/libdragon.a(inspector.o)
 .rodata.special.8
                0x800320c0      0x100 /n64_toolchain/lib/gcc/mips64-elf/13.1.0/../../../../mips64-elf/lib/libdragon.a(inspector.o)
 .rodata.ops.9  0x800321c0      0x100 /n64_toolchain/lib/gcc/mips64-elf/13.1.0/../../../../mips64-elf/lib/libdragon.a(inspector.o)
 .rodata.RESOLUTION_640x240
                0x800322c0        0xc /n64_toolchain/lib/gcc/mips64-elf/13.1.0/../../../../mips64-elf/lib/libdragon.a(inspector.o)
 *fill*         0x800322cc        0x4 
 .rodata.dma_write_raw_async.part.0.str1.8
                0x800322d0       0x12 /n64_toolchain/lib/gcc/mips64-elf/13.1.0/../../../../mips64-elf/lib/libdragon.a(dma.o)
 *fill*         0x800322e2        0x6 
 .rodata.dma_read_async.str1.8
                0x800322e8       0x8d /n64_toolchain/lib/gcc/mips64-elf/13.1.0/../../../../mips64-elf/lib/libdragon.a(dma.o)
 *fill*         0x80032375        0x3 
 .rodata.__func__.0
                0x80032378        0xf /n64_toolchain/lib/gcc/mips64-elf/13.1.0/../../../../mips64-elf/lib/libdragon.a(dma.o)
 *fill*         0x80032387        0x1 
 .rodata.__func__.1
                0x80032388       0x14 /n64_toolchain/lib/gcc/mips64-elf/13.1.0/../../../../mips64-elf/lib/libdragon.a(dma.o)
 *fill*         0x8003239c        0x4 
 .rodata.__func__.2
                0x800323a0       0x13 /n64_toolchain/lib/gcc/mips64-elf/13.1.0/../../../../mips64-elf/lib/libdragon.a(dma.o)
 *fill*         0x800323b3        0x5 
 .rodata.timer_poll.str1.8
                0x800323b8       0x89 /n64_toolchain/lib/gcc/mips64-elf/13.1.0/../../../../mips64-elf/lib/libdragon.a(timer.o)
 *fill*         0x80032441        0x7 
 .rodata.timer_init.str1.8
                0x80032448       0x31 /n64_toolchain/lib/gcc/mips64-elf/13.1.0/../../../../mips64-elf/lib/libdragon.a(timer.o)
 *fill*         0x80032479        0x7 
 .rodata.new_timer.str1.8
                0x80032480       0x2d /n64_toolchain/lib/gcc/mips64-elf/13.1.0/../../../../mips64-elf/lib/libdragon.a(timer.o)
 *fill*         0x800324ad        0x3 
 .rodata.__func__.0
                0x800324b0        0xc /n64_toolchain/lib/gcc/mips64-elf/13.1.0/../../../../mips64-elf/lib/libdragon.a(timer.o)
 *fill*         0x800324bc        0x4 
 .rodata.__func__.7
                0x800324c0        0xa /n64_toolchain/lib/gcc/mips64-elf/13.1.0/../../../../mips64-elf/lib/libdragon.a(timer.o)
 *fill*         0x800324ca        0x6 
 .rodata.__func__.8
                0x800324d0        0xb /n64_toolchain/lib/gcc/mips64-elf/13.1.0/../../../../mips64-elf/lib/libdragon.a(timer.o)
 *fill*         0x800324db        0x5 
 .rodata.__func__.9
                0x800324e0        0xb /n64_toolchain/lib/gcc/mips64-elf/13.1.0/../../../../mips64-elf/lib/libdragon.a(timer.o)
 *fill*         0x800324eb        0x5 
 .rodata.cb.0.str1.8
                0x800324f0       0x17 /n64_toolchain/lib/gcc/mips64-elf/13.1.0/../../../../mips64-elf/lib/libdragon.a(exception.o)
 *fill*         0x80032507        0x1 
 .rodata.cb.1.str1.8
                0x80032508        0x9 /n64_toolchain/lib/gcc/mips64-elf/13.1.0/../../../../mips64-elf/lib/libdragon.a(exception.o)
                                 0x19 (size before relaxing)
 *fill*         0x80032511        0x7 
 .rodata.__get_exception_name.isra.0.str1.8
                0x80032518      0x20a /n64_toolchain/lib/gcc/mips64-elf/13.1.0/../../../../mips64-elf/lib/libdragon.a(exception.o)
 *fill*         0x80032722        0x2 
 .rodata.__get_exception_name.isra.0
                0x80032724       0x40 /n64_toolchain/lib/gcc/mips64-elf/13.1.0/../../../../mips64-elf/lib/libdragon.a(exception.o)
 *fill*         0x80032764        0x4 
 .rodata.__exception_dump_header.str1.8
                0x80032768       0xd0 /n64_toolchain/lib/gcc/mips64-elf/13.1.0/../../../../mips64-elf/lib/libdragon.a(exception.o)
                                 0xe0 (size before relaxing)
 .rodata.__exception_dump_gpr.str1.8
                0x80032838       0x34 /n64_toolchain/lib/gcc/mips64-elf/13.1.0/../../../../mips64-elf/lib/libdragon.a(exception.o)
 *fill*         0x8003286c        0x4 
 .rodata.__exception_dump_fpr.str1.8
                0x80032870       0x3e /n64_toolchain/lib/gcc/mips64-elf/13.1.0/../../../../mips64-elf/lib/libdragon.a(exception.o)
 *fill*         0x800328ae        0x2 
 .rodata.exception_default_handler.str1.8
                0x800328b0       0x3e /n64_toolchain/lib/gcc/mips64-elf/13.1.0/../../../../mips64-elf/lib/libdragon.a(exception.o)
 *fill*         0x800328ee        0x2 
 .rodata.register_syscall_handler.str1.8
                0x800328f0      0x13b /n64_toolchain/lib/gcc/mips64-elf/13.1.0/../../../../mips64-elf/lib/libdragon.a(exception.o)
                                0x143 (size before relaxing)
 *fill*         0x80032a2b        0x5 
 .rodata.__func__.2
                0x80032a30       0x19 /n64_toolchain/lib/gcc/mips64-elf/13.1.0/../../../../mips64-elf/lib/libdragon.a(exception.o)
 *fill*         0x80032a49        0x7 
 .rodata.str1.8
                0x80032a50      0x17e /n64_toolchain/lib/gcc/mips64-elf/13.1.0/../../../../mips64-elf/lib/libdragon.a(exception.o)
 *fill*         0x80032bce        0x2 
 .rodata.exceptionMap.3
                0x80032bd0       0x80 /n64_toolchain/lib/gcc/mips64-elf/13.1.0/../../../../mips64-elf/lib/libdragon.a(exception.o)
 .rodata.__do_global_ctors.str1.8
                0x80032c50       0xa1 /n64_toolchain/lib/gcc/mips64-elf/13.1.0/../../../../mips64-elf/lib/libdragon.a(do_ctors.o)
 *fill*         0x80032cf1        0x7 
 .rodata.__wrap___do_global_ctors.str1.8
                0x80032cf8       0xbb /n64_toolchain/lib/gcc/mips64-elf/13.1.0/../../../../mips64-elf/lib/libdragon.a(do_ctors.o)
 *fill*         0x80032db3        0x5 
 .rodata.__func__.0
                0x80032db8       0x19 /n64_toolchain/lib/gcc/mips64-elf/13.1.0/../../../../mips64-elf/lib/libdragon.a(do_ctors.o)
 *fill*         0x80032dd1        0x7 
 .rodata.mixer_init_samplebuffers.str1.8
                0x80032dd8       0x90 /n64_toolchain/lib/gcc/mips64-elf/13.1.0/../../../../mips64-elf/lib/libdragon.a(mixer.o)
 .rodata.waveform_read.str1.8
                0x80032e68       0xaa /n64_toolchain/lib/gcc/mips64-elf/13.1.0/../../../../mips64-elf/lib/libdragon.a(mixer.o)
 *fill*         0x80032f12        0x6 
 .rodata.mixer_ch_set_freq.str1.8
                0x80032f18       0xbb /n64_toolchain/lib/gcc/mips64-elf/13.1.0/../../../../mips64-elf/lib/libdragon.a(mixer.o)
 *fill*         0x80032fd3        0x5 
 .rodata.mixer_ch_set_vol.str1.8
                0x80032fd8       0x3d /n64_toolchain/lib/gcc/mips64-elf/13.1.0/../../../../mips64-elf/lib/libdragon.a(mixer.o)
 *fill*         0x80033015        0x3 
 .rodata.mixer_ch_play.str1.8
                0x80033018      0x165 /n64_toolchain/lib/gcc/mips64-elf/13.1.0/../../../../mips64-elf/lib/libdragon.a(mixer.o)
 *fill*         0x8003317d        0x3 
 .rodata.mixer_ch_set_limits.str1.8
                0x80033180       0x77 /n64_toolchain/lib/gcc/mips64-elf/13.1.0/../../../../mips64-elf/lib/libdragon.a(mixer.o)
 *fill*         0x800331f7        0x1 
 .rodata.mixer_init.str1.8
                0x800331f8       0x48 /n64_toolchain/lib/gcc/mips64-elf/13.1.0/../../../../mips64-elf/lib/libdragon.a(mixer.o)
 .rodata.mixer_poll.str1.8
                0x80033240       0x9a /n64_toolchain/lib/gcc/mips64-elf/13.1.0/../../../../mips64-elf/lib/libdragon.a(mixer.o)
 *fill*         0x800332da        0x6 
 .rodata.__func__.0
                0x800332e0        0xb /n64_toolchain/lib/gcc/mips64-elf/13.1.0/../../../../mips64-elf/lib/libdragon.a(mixer.o)
 *fill*         0x800332eb        0x5 
 .rodata.__func__.1
                0x800332f0        0xb /n64_toolchain/lib/gcc/mips64-elf/13.1.0/../../../../mips64-elf/lib/libdragon.a(mixer.o)
 *fill*         0x800332fb        0x5 
 .rodata.__func__.2
                0x80033300       0x14 /n64_toolchain/lib/gcc/mips64-elf/13.1.0/../../../../mips64-elf/lib/libdragon.a(mixer.o)
 *fill*         0x80033314        0x4 
 .rodata.__func__.6
                0x80033318       0x19 /n64_toolchain/lib/gcc/mips64-elf/13.1.0/../../../../mips64-elf/lib/libdragon.a(mixer.o)
 *fill*         0x80033331        0x7 
 .rodata.__func__.7
                0x80033338       0x13 /n64_toolchain/lib/gcc/mips64-elf/13.1.0/../../../../mips64-elf/lib/libdragon.a(mixer.o)
 *fill*         0x8003334b        0x5 
 .rodata.__func__.8
                0x80033350        0xe /n64_toolchain/lib/gcc/mips64-elf/13.1.0/../../../../mips64-elf/lib/libdragon.a(mixer.o)
 *fill*         0x8003335e        0x2 
 .rodata.__func__.9
                0x80033360        0xe /n64_toolchain/lib/gcc/mips64-elf/13.1.0/../../../../mips64-elf/lib/libdragon.a(mixer.o)
 *fill*         0x8003336e        0x2 
 .rodata.__func__.10
                0x80033370       0x11 /n64_toolchain/lib/gcc/mips64-elf/13.1.0/../../../../mips64-elf/lib/libdragon.a(mixer.o)
 *fill*         0x80033381        0x7 
 .rodata.__func__.11
                0x80033388       0x12 /n64_toolchain/lib/gcc/mips64-elf/13.1.0/../../../../mips64-elf/lib/libdragon.a(mixer.o)
 *fill*         0x8003339a        0x6 
 .rodata.__func__.13
                0x800333a0        0xb /n64_toolchain/lib/gcc/mips64-elf/13.1.0/../../../../mips64-elf/lib/libdragon.a(mixer.o)
 *fill*         0x800333ab        0x5 
 .rodata.str1.8
                0x800333b0        0xa /n64_toolchain/lib/gcc/mips64-elf/13.1.0/../../../../mips64-elf/lib/libdragon.a(mixer.o)
 *fill*         0x800333ba        0x6 
 .rodata.samplebuffer_init.str1.8
                0x800333c0       0xce /n64_toolchain/lib/gcc/mips64-elf/13.1.0/../../../../mips64-elf/lib/libdragon.a(samplebuffer.o)
 *fill*         0x8003348e        0x2 
 .rodata.samplebuffer_set_bps.str1.8
                0x80033490       0xc1 /n64_toolchain/lib/gcc/mips64-elf/13.1.0/../../../../mips64-elf/lib/libdragon.a(samplebuffer.o)
 *fill*         0x80033551        0x7 
 .rodata.samplebuffer_get.str1.8
                0x80033558       0x70 /n64_toolchain/lib/gcc/mips64-elf/13.1.0/../../../../mips64-elf/lib/libdragon.a(samplebuffer.o)
 .rodata.samplebuffer_discard.str1.8
                0x800335c8       0x19 /n64_toolchain/lib/gcc/mips64-elf/13.1.0/../../../../mips64-elf/lib/libdragon.a(samplebuffer.o)
 *fill*         0x800335e1        0x7 
 .rodata.samplebuffer_append.str1.8
                0x800335e8       0xfe /n64_toolchain/lib/gcc/mips64-elf/13.1.0/../../../../mips64-elf/lib/libdragon.a(samplebuffer.o)
 *fill*         0x800336e6        0x2 
 .rodata.__func__.0
                0x800336e8       0x15 /n64_toolchain/lib/gcc/mips64-elf/13.1.0/../../../../mips64-elf/lib/libdragon.a(samplebuffer.o)
 *fill*         0x800336fd        0x3 